Archive member included because of file (symbol)

/usr/local/ps3dev/libpsl1ght/ppu/lib/librsx.a(init.o)
                              rsxutil.o (rsxInit)
/usr/local/ps3dev/libpsl1ght/ppu/lib/librsx.a(buffer.o)
                              rsxutil.o (rsxFlushBuffer)
/usr/local/ps3dev/libpsl1ght/ppu/lib/librsx.a(commands.o)
                              /usr/local/ps3dev/libpsl1ght/ppu/lib/librsx.a(buffer.o) (rsxSetJumpCommand)
/usr/local/ps3dev/libpsl1ght/ppu/lib/librsx.a(mm.o)
                              /usr/local/ps3dev/libpsl1ght/ppu/lib/librsx.a(init.o) (rsxHeapInit)
/usr/local/ps3dev/libpsl1ght/ppu/lib/librsx.a(vertex_program.o)
                              /usr/local/ps3dev/libpsl1ght/ppu/lib/librsx.a(commands.o) (rsxVertexProgramGetConsts)
/usr/local/ps3dev/libpsl1ght/ppu/lib/librsx.a(fragment_program.o)
                              /usr/local/ps3dev/libpsl1ght/ppu/lib/librsx.a(commands.o) (rsxFragmentProgramGetConsts)
/usr/local/ps3dev/libpsl1ght/ppu/lib/libgcm_sys.a(sprx.o)
                              rsxutil.o (gcmSetFlip)
/usr/local/ps3dev/libpsl1ght/ppu/lib/libio.a(sprx.o)
                              main.o (ioPadInit)
/usr/local/ps3dev/libpsl1ght/ppu/lib/libsysutil.a(sprx.o)
                              rsxutil.o (videoConfigure)
/usr/local/ps3dev/libpsl1ght/ppu/lib/libsysutil.a(sysutil_wrapper.o)
                              EventHandler.o (sysUtilRegisterCallback)
/usr/local/ps3dev/libpsl1ght/ppu/lib/librt.a(sbrk.o)
                              /usr/local/ps3dev/ppu/lib/gcc/powerpc64-ps3-elf/4.6.1/../../../../powerpc64-ps3-elf/lib/lv2-crt0.o (__librt_sbrk_r)
/usr/local/ps3dev/libpsl1ght/ppu/lib/librt.a(exit.o)
                              /usr/local/ps3dev/ppu/lib/gcc/powerpc64-ps3-elf/4.6.1/../../../../powerpc64-ps3-elf/lib/lv2-crt0.o (__librt_exit)
/usr/local/ps3dev/libpsl1ght/ppu/lib/librt.a(close.o)
                              /usr/local/ps3dev/ppu/lib/gcc/powerpc64-ps3-elf/4.6.1/../../../../powerpc64-ps3-elf/lib/lv2-crt0.o (__librt_close_r)
/usr/local/ps3dev/libpsl1ght/ppu/lib/librt.a(lseek.o)
                              /usr/local/ps3dev/ppu/lib/gcc/powerpc64-ps3-elf/4.6.1/../../../../powerpc64-ps3-elf/lib/lv2-crt0.o (__librt_lseek_r)
/usr/local/ps3dev/libpsl1ght/ppu/lib/librt.a(read.o)
                              /usr/local/ps3dev/ppu/lib/gcc/powerpc64-ps3-elf/4.6.1/../../../../powerpc64-ps3-elf/lib/lv2-crt0.o (__librt_read_r)
/usr/local/ps3dev/libpsl1ght/ppu/lib/librt.a(open.o)
                              /usr/local/ps3dev/ppu/lib/gcc/powerpc64-ps3-elf/4.6.1/../../../../powerpc64-ps3-elf/lib/lv2-crt0.o (__librt_open_r)
/usr/local/ps3dev/libpsl1ght/ppu/lib/librt.a(sleep.o)
                              /usr/local/ps3dev/ppu/lib/gcc/powerpc64-ps3-elf/4.6.1/../../../../powerpc64-ps3-elf/lib/lv2-crt0.o (__librt_usleep_r)
/usr/local/ps3dev/libpsl1ght/ppu/lib/librt.a(write.o)
                              /usr/local/ps3dev/ppu/lib/gcc/powerpc64-ps3-elf/4.6.1/../../../../powerpc64-ps3-elf/lib/lv2-crt0.o (__librt_write_r)
/usr/local/ps3dev/libpsl1ght/ppu/lib/librt.a(fstat.o)
                              /usr/local/ps3dev/ppu/lib/gcc/powerpc64-ps3-elf/4.6.1/../../../../powerpc64-ps3-elf/lib/lv2-crt0.o (__librt_fstat_r)
/usr/local/ps3dev/libpsl1ght/ppu/lib/librt.a(socket.o)
                              /usr/local/ps3dev/libpsl1ght/ppu/lib/librt.a(write.o) (send)
/usr/local/ps3dev/libpsl1ght/ppu/lib/librt.a(lock.o)
                              /usr/local/ps3dev/ppu/lib/gcc/powerpc64-ps3-elf/4.6.1/../../../../powerpc64-ps3-elf/lib/lv2-crt0.o (__librt_sys_lwmutex_create_r)
/usr/local/ps3dev/libpsl1ght/ppu/lib/librt.a(dirent.o)
                              /usr/local/ps3dev/ppu/lib/gcc/powerpc64-ps3-elf/4.6.1/../../../../powerpc64-ps3-elf/lib/lv2-crt0.o (__librt_opendir_r)
/usr/local/ps3dev/libpsl1ght/ppu/lib/librt.a(mkdir.o)
                              /usr/local/ps3dev/ppu/lib/gcc/powerpc64-ps3-elf/4.6.1/../../../../powerpc64-ps3-elf/lib/lv2-crt0.o (__librt_mkdir_r)
/usr/local/ps3dev/libpsl1ght/ppu/lib/librt.a(times.o)
                              /usr/local/ps3dev/ppu/lib/gcc/powerpc64-ps3-elf/4.6.1/../../../../powerpc64-ps3-elf/lib/lv2-crt0.o (__librt_times_r)
/usr/local/ps3dev/libpsl1ght/ppu/lib/librt.a(umask.o)
                              /usr/local/ps3dev/ppu/lib/gcc/powerpc64-ps3-elf/4.6.1/../../../../powerpc64-ps3-elf/lib/lv2-crt0.o (__librt_umask_r)
/usr/local/ps3dev/libpsl1ght/ppu/lib/librt.a(lv2errno.o)
                              /usr/local/ps3dev/libpsl1ght/ppu/lib/librt.a(socket.o) (lv2errno)
/usr/local/ps3dev/libpsl1ght/ppu/lib/librt.a(heap.o)
                              memory.o (heapInit)
/usr/local/ps3dev/libpsl1ght/ppu/lib/librt.a(chmod.o)
                              /usr/local/ps3dev/ppu/lib/gcc/powerpc64-ps3-elf/4.6.1/../../../../powerpc64-ps3-elf/lib/lv2-crt0.o (__librt_chmod_r)
/usr/local/ps3dev/libpsl1ght/ppu/lib/librt.a(rmdir.o)
[...]
Memory Configuration

Name             Origin             Length             Attributes
*default*        0x0000000000000000 0xffffffffffffffff

Linker script and memory map

                0x0000000000010000                PROVIDE (__executable_start, 0x10000)
                0x0000000000010200                . = (0x10000 + SIZEOF_HEADERS)

.interp
 *(.interp)

.hash
 *(.hash)

.dynsym
 *(.dynsym)

.dynstr
 *(.dynstr)

.gnu.version
 *(.gnu.version)

.gnu.version_d
 *(.gnu.version_d)

.gnu.version_r
 *(.gnu.version_r)

.rel.dyn
 *(.rel.init)
 *(.rel.text .rel.text.* .rel.gnu.linkonce.t.*)
 *(.rel.fini)
 *(.rel.rodata .rel.rodata.* .rel.gnu.linkonce.r.*)
 *(.rel.data.rel.ro*)
 *(.rel.data .rel.data.* .rel.gnu.linkonce.d.*)
 *(.rel.tdata .rel.tdata.* .rel.gnu.linkonce.td.*)
 *(.rel.tbss .rel.tbss.* .rel.gnu.linkonce.tb.*)
 *(.rel.ctors)
 *(.rel.dtors)
 *(.rel.got)
 *(.rel.sdata .rel.sdata.* .rel.gnu.linkonce.s.*)
 *(.rel.sbss .rel.sbss.* .rel.gnu.linkonce.sb.*)
 *(.rel.sdata2 .rel.sdata2.* .rel.gnu.linkonce.s2.*)
 *(.rel.sbss2 .rel.sbss2.* .rel.gnu.linkonce.sb2.*)
 *(.rel.bss .rel.bss.* .rel.gnu.linkonce.b.*)

.rela.dyn       0x0000000000010200        0x0
 *(.rela.init)
 *(.rela.text .rela.text.* .rela.gnu.linkonce.t.*)
 *(.rela.fini)
 *(.rela.rodata .rela.rodata.* .rela.gnu.linkonce.r.*)
 *(.rela.data .rela.data.* .rela.gnu.linkonce.d.*)
 .rela.data.rel.ro._ZTISt9bad_alloc
                0x0000000000000000        0x0 linker stubs
 .rela.data.rel.ro._ZTVSt9bad_alloc
                0x0000000000000000        0x0 linker stubs
 .rela.data.rel._ZN10__cxxabiv119__terminate_handlerE
                0x0000000000000000        0x0 linker stubs
 .rela.data.rel.ro._ZTIN10__cxxabiv120__si_class_type_infoE
                0x0000000000000000        0x0 linker stubs
 .rela.data.rel.ro._ZTVN10__cxxabiv120__si_class_type_infoE
                0x0000000000000000        0x0 linker stubs
 .rela.data.rel.ro._ZTISt9exception
                0x0000000000000000        0x0 linker stubs
 .rela.data.rel.ro._ZTISt13bad_exception
                0x0000000000000000        0x0 linker stubs
 .rela.data.rel.ro._ZTIN10__cxxabiv115__forced_unwindE
                0x0000000000000000        0x0 linker stubs
 .rela.data.rel.ro._ZTIN10__cxxabiv119__foreign_exceptionE
                0x0000000000000000        0x0 linker stubs
 .rela.data.rel.ro._ZTVSt9exception
                0x0000000000000000        0x0 linker stubs
 .rela.data.rel.ro._ZTVSt13bad_exception
                0x0000000000000000        0x0 linker stubs
 .rela.data.rel.ro._ZTVN10__cxxabiv115__forced_unwindE
                0x0000000000000000        0x0 linker stubs
 .rela.data.rel.ro._ZTVN10__cxxabiv119__foreign_exceptionE
                0x0000000000000000        0x0 linker stubs
 .rela.data.rel.ro._ZTIN10__cxxabiv117__class_type_infoE
                0x0000000000000000        0x0 linker stubs
 .rela.data.rel.ro._ZTVN10__cxxabiv117__class_type_infoE
                0x0000000000000000        0x0 linker stubs
 .rela.data.rel.ro._ZTISt9type_info
                0x0000000000000000        0x0 linker stubs
 .rela.data.rel.ro._ZTVSt9type_info
                0x0000000000000000        0x0 linker stubs
 *(.rela.tdata .rela.tdata.* .rela.gnu.linkonce.td.*)
 *(.rela.tbss .rela.tbss.* .rela.gnu.linkonce.tb.*)
 *(.rela.ctors)
 *(.rela.dtors)
 *(.rela.got)
 *(.rela.toc)
 .rela.toc      0x0000000000000000        0x0 linker stubs
 *(.rela.sdata .rela.sdata.* .rela.gnu.linkonce.s.*)
 *(.rela.sbss .rela.sbss.* .rela.gnu.linkonce.sb.*)
 *(.rela.sdata2 .rela.sdata2.* .rela.gnu.linkonce.s2.*)
 *(.rela.sbss2 .rela.sbss2.* .rela.gnu.linkonce.sb2.*)
 *(.rela.bss .rela.bss.* .rela.gnu.linkonce.b.*)
 .rela.iplt     0x0000000000000000        0x0 linker stubs
 .rela.sys_proc_prx_param
                0x0000000000000000        0x0 linker stubs
 .rela.opd      0x0000000000000000        0x0 linker stubs
 .rela.eh_frame
                0x0000000000000000        0x0 linker stubs
 .rela.gcc_except_table._Znwm
                0x0000000000000000        0x0 linker stubs
 .rela.gcc_except_table._ZN9__gnu_cxx27__verbose_terminate_handlerEv
                0x0000000000000000        0x0 linker stubs

.rel.plt
 *(.rel.plt)

.rela.plt
 *(.rela.plt)

.rela.tocbss
 *(.rela.tocbss)

.init           0x0000000000010200       0x2c
 *(.init)
 .init          0x0000000000010200        0xc /usr/local/ps3dev/ppu/lib/gcc/powerpc64-ps3-elf/4.6.1/../../../../powerpc64-ps3-elf/lib/lv2-crti.o
                0x0000000000010200                ._init
 .init          0x000000000001020c        0x8 /usr/local/ps3dev/ppu/lib/gcc/powerpc64-ps3-elf/4.6.1/crtbegin.o
 .init          0x0000000000010214        0x8 /usr/local/ps3dev/ppu/lib/gcc/powerpc64-ps3-elf/4.6.1/crtend.o
 .init          0x000000000001021c       0x10 /usr/local/ps3dev/ppu/lib/gcc/powerpc64-ps3-elf/4.6.1/../../../../powerpc64-ps3-elf/lib/lv2-crtn.o

.text           0x0000000000010230    0x2bbfc
 *(.text .stub .text.* .gnu.linkonce.t.*)
 .text          0x0000000000010230        0x0 /usr/local/ps3dev/ppu/lib/gcc/powerpc64-ps3-elf/4.6.1/../../../../powerpc64-ps3-elf/lib/lv2-crti.o
 .text          0x0000000000010230        0x0 /usr/local/ps3dev/ppu/lib/gcc/powerpc64-ps3-elf/4.6.1/crtbegin.o
 .text.__do_global_dtors_aux
                0x0000000000010230       0xc8 /usr/local/ps3dev/ppu/lib/gcc/powerpc64-ps3-elf/4.6.1/crtbegin.o
 .text.frame_dummy
                0x00000000000102f8       0x70 /usr/local/ps3dev/ppu/lib/gcc/powerpc64-ps3-elf/4.6.1/crtbegin.o
 .text          0x0000000000010368       0x58 /usr/local/ps3dev/ppu/lib/gcc/powerpc64-ps3-elf/4.6.1/../../../../powerpc64-ps3-elf/lib/lv2-crt0.o
                0x0000000000010368                ._start
 .text.startup.__syscalls_init
                0x00000000000103c0      0x15c /usr/local/ps3dev/ppu/lib/gcc/powerpc64-ps3-elf/4.6.1/../../../../powerpc64-ps3-elf/lib/lv2-crt0.o
 *fill*         0x000000000001051c        0x4 60000000
 .text._initialize
                0x0000000000010520       0x40 /usr/local/ps3dev/ppu/lib/gcc/powerpc64-ps3-elf/4.6.1/../../../../powerpc64-ps3-elf/lib/lv2-crt0.o
                0x0000000000010520                ._initialize
 .text          0x0000000000010560        0x0 /usr/local/ps3dev/ppu/lib/gcc/powerpc64-ps3-elf/4.6.1/../../../../powerpc64-ps3-elf/lib/lv2-sprx.o
 .text          0x0000000000010560        0x0 png.bin.o
 .text          0x0000000000010560        0x0 spu.bin.o
 .text          0x0000000000010560        0x0 EventHandler.o
 .text._ZN6EventH12eventHandlerEmmPv
                0x0000000000010560       0x48 EventHandler.o
                0x0000000000010560                ._ZN6EventH12eventHandlerEmmPv
 .text._ZN6EventHC2Ev
                0x00000000000105a8       0x48 EventHandler.o
                0x00000000000105a8                ._ZN6EventHC2Ev
                0x00000000000105a8                ._ZN6EventHC1Ev
 .text._ZN6EventH10CheckEventEv
                0x00000000000105f0       0x30 EventHandler.o
                0x00000000000105f0                ._ZN6EventH10CheckEventEv
 .text          0x0000000000010620        0x0 Image.o
 .text._ZN5ImageC2Ev
                0x0000000000010620       0x30 Image.o
                0x0000000000010620                ._ZN5ImageC1Ev
                0x0000000000010620                ._ZN5ImageC2Ev
 .text._ZN5ImageD2Ev
                0x0000000000010650       0x30 Image.o
                0x0000000000010650                ._ZN5ImageD2Ev
                0x0000000000010650                ._ZN5ImageD1Ev
 .text._ZN5Image16LoadFromFile_PNGEPKc
                0x0000000000010680       0x38 Image.o
                0x0000000000010680                ._ZN5Image16LoadFromFile_PNGEPKc
 .text._ZN5Image18LoadFromBuffer_PNGEPvj
                0x00000000000106b8       0x3c Image.o
                0x00000000000106b8                ._ZN5Image18LoadFromBuffer_PNGEPvj
 .text._ZN5Image7DrawPNGEii9_png_data
                0x00000000000106f4      0x134 Image.o
                0x00000000000106f4                ._ZN5Image7DrawPNGEii9_png_data
 .text._ZN5Image16LoadFromFile_JPGEPKc
                0x0000000000010828       0x38 Image.o
                0x0000000000010828                ._ZN5Image16LoadFromFile_JPGEPKc
 .text._ZN5Image18LoadFromBuffer_JPGEPvj
                0x0000000000010860       0x3c Image.o
                0x0000000000010860                ._ZN5Image18LoadFromBuffer_JPGEPvj
 .text._ZN5Image7DrawJPGEii9_jpg_data
                0x000000000001089c      0x134 Image.o
                0x000000000001089c                ._ZN5Image7DrawJPGEii9_jpg_data
 .text          0x00000000000109d0        0x0 main.o
 .text._Z9drawFramev
                0x00000000000109d0       0x10 main.o
                0x00000000000109d0                ._Z9drawFramev
 .text.startup.main
                0x00000000000109e0      0x110 main.o
                0x00000000000109e0                .main
 .text          0x0000000000010af0        0x0 memory.o
 .text._Z11init_memoryPvj
                0x0000000000010af0       0x50 memory.o
                0x0000000000010af0                ._Z11init_memoryPvj
 .text._Z9mem_allocj
                0x0000000000010b40       0x4c memory.o
                0x0000000000010b40                ._Z9mem_allocj
 .text._Z9mem_alignjj
                0x0000000000010b8c       0x4c memory.o
                0x0000000000010b8c                ._Z9mem_alignjj
 .text._Z8mem_freePv
                0x0000000000010bd8       0x48 memory.o
                0x0000000000010bd8                ._Z8mem_freePv
 .text          0x0000000000010c20        0x0 Modules.o
 .text._ZN6Module4LoadEv
                0x0000000000010c20       0xd0 Modules.o
                0x0000000000010c20                ._ZN6Module4LoadEv
 .text._ZN6ModuleC2Ev
                0x0000000000010cf0       0x10 Modules.o
                0x0000000000010cf0                ._ZN6ModuleC1Ev
                0x0000000000010cf0                ._ZN6ModuleC2Ev
 .text._ZN6Module6UnloadEv
                0x0000000000010d00       0x70 Modules.o
                0x0000000000010d00                ._ZN6Module6UnloadEv
 .text._ZN6ModuleD2Ev
                0x0000000000010d70       0x10 Modules.o
                0x0000000000010d70                ._ZN6ModuleD1Ev
                0x0000000000010d70                ._ZN6ModuleD2Ev
 .text          0x0000000000010d80        0x0 NoRSX.o
 .text._ZN5NoRSX12ExitCallBackEv
                0x0000000000010d80       0x50 NoRSX.o
                0x0000000000010d80                ._ZN5NoRSX12ExitCallBackEv
 .text._ZN5NoRSXC2Ev
                0x0000000000010dd0       0xe8 NoRSX.o
                0x0000000000010dd0                ._ZN5NoRSXC1Ev
                0x0000000000010dd0                ._ZN5NoRSXC2Ev
 .text._ZN5NoRSXD2Ev
                0x0000000000010eb8       0x50 NoRSX.o
                0x0000000000010eb8                ._ZN5NoRSXD1Ev
                0x0000000000010eb8                ._ZN5NoRSXD2Ev
 .text          0x0000000000010f08        0x0 rsxutil.o
 .text._Z15setRenderTargetj
                0x0000000000010f08       0xe4 rsxutil.o
                0x0000000000010f08                ._Z15setRenderTargetj
 .text._Z11init_screenPvj
                0x0000000000010fec      0x260 rsxutil.o
                0x0000000000010fec                ._Z11init_screenPvj
 .text._Z8waitflipv
                0x000000000001124c       0x50 rsxutil.o
                0x000000000001124c                ._Z8waitflipv
 .text._Z4flipv
                0x000000000001129c       0x90 rsxutil.o
                0x000000000001129c                ._Z4flipv
 .text          0x000000000001132c        0x0 spu.o
 .text._Z19setup_shared_bufferjjj
                0x000000000001132c       0x20 spu.o
                0x000000000001132c                ._Z19setup_shared_bufferjjj
 .text._Z8init_spuv
                0x000000000001134c       0xa8 spu.o
                0x000000000001134c                ._Z8init_spuv
 .text._Z12shutdown_spuv
                0x00000000000113f4       0x44 spu.o
                0x00000000000113f4                ._Z12shutdown_spuv
 .text._Z14signal_spu_ppuv
                0x0000000000011438       0x34 spu.o
                0x0000000000011438                ._Z14signal_spu_ppuv
 .text._Z14signal_spu_rsxv
                0x000000000001146c       0x70 spu.o
                0x000000000001146c                ._Z14signal_spu_rsxv
 .text._Z15wait_signal_spuv
                0x00000000000114dc       0x48 spu.o
                0x00000000000114dc                ._Z15wait_signal_spuv
 .text._Z16clear_signal_spuv
                0x0000000000011524       0x48 spu.o
                0x0000000000011524                ._Z16clear_signal_spuv
 .text          0x000000000001156c        0x0 /usr/local/ps3dev/libpsl1ght/ppu/lib/librsx.a(init.o)
 *fill*         0x000000000001156c        0x4 60000000
 .text.rsxInit  0x0000000000011570       0x60 /usr/local/ps3dev/libpsl1ght/ppu/lib/librsx.a(init.o)
                0x0000000000011570                .rsxInit
 .text.rsxSetupContextData
                0x00000000000115d0       0x38 /usr/local/ps3dev/libpsl1ght/ppu/lib/librsx.a(init.o)
                0x00000000000115d0                .rsxSetupContextData
 .text          0x0000000000011608        0x0 /usr/local/ps3dev/libpsl1ght/ppu/lib/librsx.a(buffer.o)
 .text.rsxResetCommandBuffer
                0x0000000000011608       0x80 /usr/local/ps3dev/libpsl1ght/ppu/lib/librsx.a(buffer.o)
                0x0000000000011608                .rsxResetCommandBuffer
 .text.rsxFlushBuffer
                0x0000000000011688       0x78 /usr/local/ps3dev/libpsl1ght/ppu/lib/librsx.a(buffer.o)
                0x0000000000011688                .rsxFlushBuffer
 .text.rsxFinish
                0x0000000000011700       0x84 /usr/local/ps3dev/libpsl1ght/ppu/lib/librsx.a(buffer.o)
                0x0000000000011700                .rsxFinish
 .text          0x0000000000011784        0x0 /usr/local/ps3dev/libpsl1ght/ppu/lib/librsx.a(commands.o)
 *fill*         0x0000000000011784        0x4 60000000
 .text.rsxContextCallback
                0x0000000000011788       0x50 /usr/local/ps3dev/libpsl1ght/ppu/lib/librsx.a(commands.o)
                0x0000000000011788                .rsxContextCallback
 .text.rsxSetReturnCommand
                0x00000000000117d8       0x7c /usr/local/ps3dev/libpsl1ght/ppu/lib/librsx.a(commands.o)
                0x00000000000117d8                .rsxSetReturnCommand
 *fill*         0x0000000000011854        0x4 60000000
 .text.rsxSetCallCommand
                0x0000000000011858       0x84 /usr/local/ps3dev/libpsl1ght/ppu/lib/librsx.a(commands.o)
                0x0000000000011858                .rsxSetCallCommand
 *fill*         0x00000000000118dc        0x4 60000000
 .text.rsxSetJumpCommand
                0x00000000000118e0       0x84 /usr/local/ps3dev/libpsl1ght/ppu/lib/librsx.a(commands.o)
                0x00000000000118e0                .rsxSetJumpCommand
 *fill*         0x0000000000011964        0x4 60000000
 .text.rsxSetNopCommand
                0x0000000000011968       0xa8 /usr/local/ps3dev/libpsl1ght/ppu/lib/librsx.a(commands.o)
                0x0000000000011968                .rsxSetNopCommand
 .text.rsxSetClearColor
                0x0000000000011a10       0x8c /usr/local/ps3dev/libpsl1ght/ppu/lib/librsx.a(commands.o)
                0x0000000000011a10                .rsxSetClearColor
 *fill*         0x0000000000011a9c        0x4 60000000
 .text.rsxSetClearDepthValue
                0x0000000000011aa0       0x8c /usr/local/ps3dev/libpsl1ght/ppu/lib/librsx.a(commands.o)
                0x0000000000011aa0                .rsxSetClearDepthValue
 *fill*         0x0000000000011b2c        0x4 60000000
 .text.rsxSetReferenceCommand
                0x0000000000011b30       0x8c /usr/local/ps3dev/libpsl1ght/ppu/lib/librsx.a(commands.o)
                0x0000000000011b30                .rsxSetReferenceCommand
 *fill*         0x0000000000011bbc        0x4 60000000
 .text.rsxSetWriteBackendLabel
                0x0000000000011bc0       0xc4 /usr/local/ps3dev/libpsl1ght/ppu/lib/librsx.a(commands.o)
                0x0000000000011bc0                .rsxSetWriteBackendLabel
 *fill*         0x0000000000011c84        0x4 60000000
 .text.rsxSetWaitLabel
                0x0000000000011c88       0xac /usr/local/ps3dev/libpsl1ght/ppu/lib/librsx.a(commands.o)
                0x0000000000011c88                .rsxSetWaitLabel
 *fill*         0x0000000000011d34        0x4 60000000
 .text.rsxSetWriteCommandLabel
                0x0000000000011d38       0xac /usr/local/ps3dev/libpsl1ght/ppu/lib/librsx.a(commands.o)
                0x0000000000011d38                .rsxSetWriteCommandLabel
 *fill*         0x0000000000011de4        0x4 60000000
 .text.rsxSetSurface
                0x0000000000011de8      0x21c /usr/local/ps3dev/libpsl1ght/ppu/lib/librsx.a(commands.o)
                0x0000000000011de8                .rsxSetSurface
 *fill*         0x0000000000012004        0x4 60000000
 .text.rsxSetColorMask
                0x0000000000012008       0x8c /usr/local/ps3dev/libpsl1ght/ppu/lib/librsx.a(commands.o)
                0x0000000000012008                .rsxSetColorMask
 *fill*         0x0000000000012094        0x4 60000000
 .text.rsxSetColorMaskMRT
                0x0000000000012098       0x8c /usr/local/ps3dev/libpsl1ght/ppu/lib/librsx.a(commands.o)
                0x0000000000012098                .rsxSetColorMaskMRT
 *fill*         0x0000000000012124        0x4 60000000
 .text.rsxSetShadeModel
                0x0000000000012128       0x8c /usr/local/ps3dev/libpsl1ght/ppu/lib/librsx.a(commands.o)
                0x0000000000012128                .rsxSetShadeModel
 *fill*         0x00000000000121b4        0x4 60000000
 .text.rsxSetViewport
                0x00000000000121b8      0x1b4 /usr/local/ps3dev/libpsl1ght/ppu/lib/librsx.a(commands.o)
                0x00000000000121b8                .rsxSetViewport
 *fill*         0x000000000001236c        0x4 60000000
 .text.rsxSetViewportClip
                0x0000000000012370       0xb4 /usr/local/ps3dev/libpsl1ght/ppu/lib/librsx.a(commands.o)
                0x0000000000012370                .rsxSetViewportClip
 *fill*         0x0000000000012424        0x4 60000000
 .text.rsxSetUserClipPlaneControl
                0x0000000000012428       0xdc /usr/local/ps3dev/libpsl1ght/ppu/lib/librsx.a(commands.o)
                0x0000000000012428                .rsxSetUserClipPlaneControl
 *fill*         0x0000000000012504        0x4 60000000
 .text.rsxSetDepthTestEnable
                0x0000000000012508       0x8c /usr/local/ps3dev/libpsl1ght/ppu/lib/librsx.a(commands.o)
                0x0000000000012508                .rsxSetDepthTestEnable
 *fill*         0x0000000000012594        0x4 60000000
 .text.rsxSetDepthFunc
                0x0000000000012598       0x8c /usr/local/ps3dev/libpsl1ght/ppu/lib/librsx.a(commands.o)
                0x0000000000012598                .rsxSetDepthFunc
 *fill*         0x0000000000012624        0x4 60000000
 .text.rsxSetDepthWriteEnable
                0x0000000000012628       0x8c /usr/local/ps3dev/libpsl1ght/ppu/lib/librsx.a(commands.o)
                0x0000000000012628                .rsxSetDepthWriteEnable
 *fill*         0x00000000000126b4        0x4 60000000
 .text.rsxSetCullFaceEnable
                0x00000000000126b8       0x8c /usr/local/ps3dev/libpsl1ght/ppu/lib/librsx.a(commands.o)
                0x00000000000126b8                .rsxSetCullFaceEnable
 *fill*         0x0000000000012744        0x4 60000000
 .text.rsxSetCullFace
                0x0000000000012748       0x8c /usr/local/ps3dev/libpsl1ght/ppu/lib/librsx.a(commands.o)
                0x0000000000012748                .rsxSetCullFace
 *fill*         0x00000000000127d4        0x4 60000000
 .text.rsxSetFrontFace
                0x00000000000127d8       0x8c /usr/local/ps3dev/libpsl1ght/ppu/lib/librsx.a(commands.o)
                0x00000000000127d8                .rsxSetFrontFace
 *fill*         0x0000000000012864        0x4 60000000
 .text.rsxClearSurface
                0x0000000000012868       0xa4 /usr/local/ps3dev/libpsl1ght/ppu/lib/librsx.a(commands.o)
                0x0000000000012868                .rsxClearSurface
 *fill*         0x000000000001290c        0x4 60000000
 .text.rsxLoadVertexProgramBlock
                0x0000000000012910      0x304 /usr/local/ps3dev/libpsl1ght/ppu/lib/librsx.a(commands.o)
                0x0000000000012910                .rsxLoadVertexProgramBlock
 *fill*         0x0000000000012c14        0x4 60000000
 .text.rsxLoadFragmentProgramLocation
                0x0000000000012c18      0x1c8 /usr/local/ps3dev/libpsl1ght/ppu/lib/librsx.a(commands.o)
                0x0000000000012c18                .rsxLoadFragmentProgramLocation
 .text.rsxLoadVertexProgramParameterBlock
                0x0000000000012de0      0x130 /usr/local/ps3dev/libpsl1ght/ppu/lib/librsx.a(commands.o)
                0x0000000000012de0                .rsxLoadVertexProgramParameterBlock
 .text.rsxLoadVertexProgram
                0x0000000000012f10       0xfc /usr/local/ps3dev/libpsl1ght/ppu/lib/librsx.a(commands.o)
                0x0000000000012f10                .rsxLoadVertexProgram
 *fill*         0x000000000001300c        0x4 60000000
 .text.rsxSetVertexProgramParameter
                0x0000000000013010       0x84 /usr/local/ps3dev/libpsl1ght/ppu/lib/librsx.a(commands.o)
                0x0000000000013010                .rsxSetVertexProgramParameter
 *fill*         0x0000000000013094        0x4 60000000
 .text.rsxDrawVertexBegin
                0x0000000000013098       0x8c /usr/local/ps3dev/libpsl1ght/ppu/lib/librsx.a(commands.o)
                0x0000000000013098                .rsxDrawVertexBegin
 *fill*         0x0000000000013124        0x4 60000000
 .text.rsxDrawVertexEnd
                0x0000000000013128       0x84 /usr/local/ps3dev/libpsl1ght/ppu/lib/librsx.a(commands.o)
                0x0000000000013128                .rsxDrawVertexEnd
 *fill*         0x00000000000131ac        0x4 60000000
 .text.rsxDrawVertex2f
                0x00000000000131b0       0xa4 /usr/local/ps3dev/libpsl1ght/ppu/lib/librsx.a(commands.o)
                0x00000000000131b0                .rsxDrawVertex2f
 *fill*         0x0000000000013254        0x4 60000000
 .text.rsxDrawVertex3f
                0x0000000000013258       0xb4 /usr/local/ps3dev/libpsl1ght/ppu/lib/librsx.a(commands.o)
                0x0000000000013258                .rsxDrawVertex3f
 *fill*         0x000000000001330c        0x4 60000000
 .text.rsxDrawVertex4f
                0x0000000000013310       0xbc /usr/local/ps3dev/libpsl1ght/ppu/lib/librsx.a(commands.o)
                0x0000000000013310                .rsxDrawVertex4f
 *fill*         0x00000000000133cc        0x4 60000000
 .text.rsxInvalidateTextureCache
                0x00000000000133d0       0x8c /usr/local/ps3dev/libpsl1ght/ppu/lib/librsx.a(commands.o)
                0x00000000000133d0                .rsxInvalidateTextureCache
 *fill*         0x000000000001345c        0x4 60000000
 .text.rsxLoadTexture
                0x0000000000013460      0x154 /usr/local/ps3dev/libpsl1ght/ppu/lib/librsx.a(commands.o)
                0x0000000000013460                .rsxLoadTexture
 *fill*         0x00000000000135b4        0x4 60000000
 .text.rsxTextureControl
                0x00000000000135b8       0xcc /usr/local/ps3dev/libpsl1ght/ppu/lib/librsx.a(commands.o)
                0x00000000000135b8                .rsxTextureControl
 *fill*         0x0000000000013684        0x4 60000000
 .text.rsxTextureFilter
                0x0000000000013688       0xbc /usr/local/ps3dev/libpsl1ght/ppu/lib/librsx.a(commands.o)
                0x0000000000013688                .rsxTextureFilter
 *fill*         0x0000000000013744        0x4 60000000
 .text.rsxTextureWrapMode
                0x0000000000013748       0xec /usr/local/ps3dev/libpsl1ght/ppu/lib/librsx.a(commands.o)
                0x0000000000013748                .rsxTextureWrapMode
 *fill*         0x0000000000013834        0x4 60000000
 .text.rsxZControl
                0x0000000000013838       0xac /usr/local/ps3dev/libpsl1ght/ppu/lib/librsx.a(commands.o)
                0x0000000000013838                .rsxZControl
 *fill*         0x00000000000138e4        0x4 60000000
 .text.rsxBindVertexArrayAttrib
                0x00000000000138e8       0xec /usr/local/ps3dev/libpsl1ght/ppu/lib/librsx.a(commands.o)
                0x00000000000138e8                .rsxBindVertexArrayAttrib
 *fill*         0x00000000000139d4        0x4 60000000
 .text.rsxDrawVertexArray
                0x00000000000139d8      0x1a0 /usr/local/ps3dev/libpsl1ght/ppu/lib/librsx.a(commands.o)
                0x00000000000139d8                .rsxDrawVertexArray
 .text.rsxDrawIndexArray
                0x0000000000013b78      0x1d0 /usr/local/ps3dev/libpsl1ght/ppu/lib/librsx.a(commands.o)
                0x0000000000013b78                .rsxDrawIndexArray
 .text.rsxSetScissor
                0x0000000000013d48       0xbc /usr/local/ps3dev/libpsl1ght/ppu/lib/librsx.a(commands.o)
                0x0000000000013d48                .rsxSetScissor
 *fill*         0x0000000000013e04        0x4 60000000
 .text.rsxInlineTransfer
                0x0000000000013e08      0x178 /usr/local/ps3dev/libpsl1ght/ppu/lib/librsx.a(commands.o)
                0x0000000000013e08                .rsxInlineTransfer
 .text.rsxSetFragmentProgramParameter
                0x0000000000013f80      0x29c /usr/local/ps3dev/libpsl1ght/ppu/lib/librsx.a(commands.o)
                0x0000000000013f80                .rsxSetFragmentProgramParameter
 *fill*         0x000000000001421c        0x4 60000000
 .text.rsxSetBlendFunc
                0x0000000000014220       0xbc /usr/local/ps3dev/libpsl1ght/ppu/lib/librsx.a(commands.o)
                0x0000000000014220                .rsxSetBlendFunc
 *fill*         0x00000000000142dc        0x4 60000000
 .text.rsxSetBlendEquation
                0x00000000000142e0       0x9c /usr/local/ps3dev/libpsl1ght/ppu/lib/librsx.a(commands.o)
                0x00000000000142e0                .rsxSetBlendEquation
 *fill*         0x000000000001437c        0x4 60000000
 .text.rsxSetBlendColor
                0x0000000000014380       0xa4 /usr/local/ps3dev/libpsl1ght/ppu/lib/librsx.a(commands.o)
                0x0000000000014380                .rsxSetBlendColor
 *fill*         0x0000000000014424        0x4 60000000
 .text.rsxSetBlendEnable
                0x0000000000014428       0x8c /usr/local/ps3dev/libpsl1ght/ppu/lib/librsx.a(commands.o)
                0x0000000000014428                .rsxSetBlendEnable
 *fill*         0x00000000000144b4        0x4 60000000
 .text.rsxSetTransformBranchBits
                0x00000000000144b8       0x8c /usr/local/ps3dev/libpsl1ght/ppu/lib/librsx.a(commands.o)
                0x00000000000144b8                .rsxSetTransformBranchBits
 *fill*         0x0000000000014544        0x4 60000000
 .text.rsxSetTransferData
                0x0000000000014548      0x11c /usr/local/ps3dev/libpsl1ght/ppu/lib/librsx.a(commands.o)
                0x0000000000014548                .rsxSetTransferData
 *fill*         0x0000000000014664        0x4 60000000
 .text.rsxSetTransferDataMode
                0x0000000000014668       0xbc /usr/local/ps3dev/libpsl1ght/ppu/lib/librsx.a(commands.o)
                0x0000000000014668                .rsxSetTransferDataMode
 *fill*         0x0000000000014724        0x4 60000000
 .text.rsxSetTransferDataOffset
                0x0000000000014728       0xac /usr/local/ps3dev/libpsl1ght/ppu/lib/librsx.a(commands.o)
                0x0000000000014728                .rsxSetTransferDataOffset
 *fill*         0x00000000000147d4        0x4 60000000
 .text.rsxSetTransferDataFormat
                0x00000000000147d8       0xcc /usr/local/ps3dev/libpsl1ght/ppu/lib/librsx.a(commands.o)
                0x00000000000147d8                .rsxSetTransferDataFormat
 *fill*         0x00000000000148a4        0x4 60000000
 .text.rsxSetTransferImage
                0x00000000000148a8      0x274 /usr/local/ps3dev/libpsl1ght/ppu/lib/librsx.a(commands.o)
                0x00000000000148a8                .rsxSetTransferImage
 *fill*         0x0000000000014b1c        0x4 60000000
 .text.rsxSetTransferScaleMode
                0x0000000000014b20      0x178 /usr/local/ps3dev/libpsl1ght/ppu/lib/librsx.a(commands.o)
                0x0000000000014b20                .rsxSetTransferScaleMode
 .text.rsxSetTransferScaleSurface
                0x0000000000014c98      0x1a4 /usr/local/ps3dev/libpsl1ght/ppu/lib/librsx.a(commands.o)
                0x0000000000014c98                .rsxSetTransferScaleSurface
 *fill*         0x0000000000014e3c        0x4 60000000
 .text.rsxSetTimeStamp
                0x0000000000014e40       0x94 /usr/local/ps3dev/libpsl1ght/ppu/lib/librsx.a(commands.o)
                0x0000000000014e40                .rsxSetTimeStamp
 .text          0x0000000000014ed4        0x0 /usr/local/ps3dev/libpsl1ght/ppu/lib/librsx.a(mm.o)
 *fill*         0x0000000000014ed4        0x4 60000000
 .text.rsxHeapInit
                0x0000000000014ed8       0x78 /usr/local/ps3dev/libpsl1ght/ppu/lib/librsx.a(mm.o)
                0x0000000000014ed8                .rsxHeapInit
 .text.rsxMemalign
                0x0000000000014f50       0x4c /usr/local/ps3dev/libpsl1ght/ppu/lib/librsx.a(mm.o)
                0x0000000000014f50                .rsxMemalign
 *fill*         0x0000000000014f9c        0x4 60000000
 .text.rsxMalloc
                0x0000000000014fa0       0x4c /usr/local/ps3dev/libpsl1ght/ppu/lib/librsx.a(mm.o)
                0x0000000000014fa0                .rsxMalloc
 *fill*         0x0000000000014fec        0x4 60000000
 .text.rsxFree  0x0000000000014ff0       0x48 /usr/local/ps3dev/libpsl1ght/ppu/lib/librsx.a(mm.o)
                0x0000000000014ff0                .rsxFree
 .text          0x0000000000015038        0x0 /usr/local/ps3dev/libpsl1ght/ppu/lib/librsx.a(vertex_program.o)
 .text.rsxVertexProgramGetUCode
                0x0000000000015038       0x18 /usr/local/ps3dev/libpsl1ght/ppu/lib/librsx.a(vertex_program.o)
                0x0000000000015038                .rsxVertexProgramGetUCode
 .text.rsxVertexProgramGetConsts
                0x0000000000015050       0x18 /usr/local/ps3dev/libpsl1ght/ppu/lib/librsx.a(vertex_program.o)
                0x0000000000015050                .rsxVertexProgramGetConsts
 .text.rsxVertexProgramGetConst
                0x0000000000015068       0xdc /usr/local/ps3dev/libpsl1ght/ppu/lib/librsx.a(vertex_program.o)
                0x0000000000015068                .rsxVertexProgramGetConst
 *fill*         0x0000000000015144        0x4 60000000
 .text.rsxVertexProgramGetAttribs
                0x0000000000015148       0x18 /usr/local/ps3dev/libpsl1ght/ppu/lib/librsx.a(vertex_program.o)
                0x0000000000015148                .rsxVertexProgramGetAttribs
 .text.rsxVertexProgramGetAttrib
                0x0000000000015160       0xf8 /usr/local/ps3dev/libpsl1ght/ppu/lib/librsx.a(vertex_program.o)
                0x0000000000015160                .rsxVertexProgramGetAttrib
 .text          0x0000000000015258        0x0 /usr/local/ps3dev/libpsl1ght/ppu/lib/librsx.a(fragment_program.o)
 .text.rsxFragmentProgramGetUCode
                0x0000000000015258       0x24 /usr/local/ps3dev/libpsl1ght/ppu/lib/librsx.a(fragment_program.o)
                0x0000000000015258                .rsxFragmentProgramGetUCode
 *fill*         0x000000000001527c        0x4 60000000
 .text.rsxFragmentProgramGetConsts
                0x0000000000015280       0x18 /usr/local/ps3dev/libpsl1ght/ppu/lib/librsx.a(fragment_program.o)
                0x0000000000015280                .rsxFragmentProgramGetConsts
 .text.rsxFragmentProgramGetConst
                0x0000000000015298       0xdc /usr/local/ps3dev/libpsl1ght/ppu/lib/librsx.a(fragment_program.o)
                0x0000000000015298                .rsxFragmentProgramGetConst
 *fill*         0x0000000000015374        0x4 60000000
 .text.rsxFragmentProgramGetAttribs
                0x0000000000015378       0x18 /usr/local/ps3dev/libpsl1ght/ppu/lib/librsx.a(fragment_program.o)
                0x0000000000015378                .rsxFragmentProgramGetAttribs
 .text.rsxFragmentProgramGetAttrib
                0x0000000000015390       0xf8 /usr/local/ps3dev/libpsl1ght/ppu/lib/librsx.a(fragment_program.o)
                0x0000000000015390                .rsxFragmentProgramGetAttrib
 .text.rsxFragmentProgramGetConstOffsetTable
                0x0000000000015488       0x14 /usr/local/ps3dev/libpsl1ght/ppu/lib/librsx.a(fragment_program.o)
                0x0000000000015488                .rsxFragmentProgramGetConstOffsetTable
 .text          0x000000000001549c        0x0 /usr/local/ps3dev/libpsl1ght/ppu/lib/libgcm_sys.a(sprx.o)
 .text          0x000000000001549c        0x0 /usr/local/ps3dev/libpsl1ght/ppu/lib/libio.a(sprx.o)
 .text          0x000000000001549c        0x0 /usr/local/ps3dev/libpsl1ght/ppu/lib/libsysutil.a(sprx.o)
 .text          0x000000000001549c        0x0 /usr/local/ps3dev/libpsl1ght/ppu/lib/libsysutil.a(sysutil_wrapper.o)
 *fill*         0x000000000001549c        0x4 60000000
 .text.sysUtilRegisterCallback
                0x00000000000154a0       0x34 /usr/local/ps3dev/libpsl1ght/ppu/lib/libsysutil.a(sysutil_wrapper.o)
                0x00000000000154a0                .sysUtilRegisterCallback
 *fill*         0x00000000000154d4        0x4 60000000
 .text.msgDialogOpen
                0x00000000000154d8       0x34 /usr/local/ps3dev/libpsl1ght/ppu/lib/libsysutil.a(sysutil_wrapper.o)
                0x00000000000154d8                .msgDialogOpen
 *fill*         0x000000000001550c        0x4 60000000
 .text.msgDialogOpen2
                0x0000000000015510       0x34 /usr/local/ps3dev/libpsl1ght/ppu/lib/libsysutil.a(sysutil_wrapper.o)
                0x0000000000015510                .msgDialogOpen2
 *fill*         0x0000000000015544        0x4 60000000
 .text.msgDialogOpenErrorCode
                0x0000000000015548       0x34 /usr/local/ps3dev/libpsl1ght/ppu/lib/libsysutil.a(sysutil_wrapper.o)
                0x0000000000015548                .msgDialogOpenErrorCode
 *fill*         0x000000000001557c        0x4 60000000
 .text.sysSaveListLoad2
                0x0000000000015580       0x3c /usr/local/ps3dev/libpsl1ght/ppu/lib/libsysutil.a(sysutil_wrapper.o)
                0x0000000000015580                .sysSaveListLoad2
 *fill*         0x00000000000155bc        0x4 60000000
 .text.sysSaveListSave2
                0x00000000000155c0       0x3c /usr/local/ps3dev/libpsl1ght/ppu/lib/libsysutil.a(sysutil_wrapper.o)
                0x00000000000155c0                .sysSaveListSave2
 *fill*         0x00000000000155fc        0x4 60000000
 .text.sysSaveListAutoLoad
                0x0000000000015600       0x44 /usr/local/ps3dev/libpsl1ght/ppu/lib/libsysutil.a(sysutil_wrapper.o)
                0x0000000000015600                .sysSaveListAutoLoad
 *fill*         0x0000000000015644        0x4 60000000
 .text.sysSaveListAutoSave
                0x0000000000015648       0x44 /usr/local/ps3dev/libpsl1ght/ppu/lib/libsysutil.a(sysutil_wrapper.o)
                0x0000000000015648                .sysSaveListAutoSave
 *fill*         0x000000000001568c        0x4 60000000
 .text.sysSaveFixedLoad2
                0x0000000000015690       0x3c /usr/local/ps3dev/libpsl1ght/ppu/lib/libsysutil.a(sysutil_wrapper.o)
                0x0000000000015690                .sysSaveFixedLoad2
 *fill*         0x00000000000156cc        0x4 60000000
 .text.sysSaveFixedSave2
                0x00000000000156d0       0x3c /usr/local/ps3dev/libpsl1ght/ppu/lib/libsysutil.a(sysutil_wrapper.o)
                0x00000000000156d0                .sysSaveFixedSave2
 *fill*         0x000000000001570c        0x4 60000000
 .text.sysSaveAutoLoad2
                0x0000000000015710       0x38 /usr/local/ps3dev/libpsl1ght/ppu/lib/libsysutil.a(sysutil_wrapper.o)
                0x0000000000015710                .sysSaveAutoLoad2
 .text.sysSaveAutoSave2
                0x0000000000015748       0x38 /usr/local/ps3dev/libpsl1ght/ppu/lib/libsysutil.a(sysutil_wrapper.o)
                0x0000000000015748                .sysSaveAutoSave2
 .text.sysGameThemeInstallFromBuffer
                0x0000000000015780       0x34 /usr/local/ps3dev/libpsl1ght/ppu/lib/libsysutil.a(sysutil_wrapper.o)
                0x0000000000015780                .sysGameThemeInstallFromBuffer
 *fill*         0x00000000000157b4        0x4 60000000
 .text.sysGameDiscRegisterDiscChangeCallback
                0x00000000000157b8       0x38 /usr/local/ps3dev/libpsl1ght/ppu/lib/libsysutil.a(sysutil_wrapper.o)
                0x00000000000157b8                .sysGameDiscRegisterDiscChangeCallback
 .text.sysDiscRegisterDiscChangeCallback
                0x00000000000157f0       0x38 /usr/local/ps3dev/libpsl1ght/ppu/lib/libsysutil.a(sysutil_wrapper.o)
                0x00000000000157f0                .sysDiscRegisterDiscChangeCallback
 .text          0x0000000000015828        0x0 /usr/local/ps3dev/libpsl1ght/ppu/lib/librt.a(sbrk.o)
 .text.startup.sbrk_init
                0x0000000000015828       0xb4 /usr/local/ps3dev/libpsl1ght/ppu/lib/librt.a(sbrk.o)
 *fill*         0x00000000000158dc        0x4 60000000
 .text.sbrk_deinit
                0x00000000000158e0       0xb4 /usr/local/ps3dev/libpsl1ght/ppu/lib/librt.a(sbrk.o)
 *fill*         0x0000000000015994        0x4 60000000
 .text.__librt_sbrk_r
                0x0000000000015998      0x314 /usr/local/ps3dev/libpsl1ght/ppu/lib/librt.a(sbrk.o)
                0x0000000000015998                .__librt_sbrk_r
 .text          0x0000000000015cac        0x0 /usr/local/ps3dev/libpsl1ght/ppu/lib/librt.a(exit.o)
 *fill*         0x0000000000015cac        0x4 60000000
 .text.__librt_exit
                0x0000000000015cb0       0x30 /usr/local/ps3dev/libpsl1ght/ppu/lib/librt.a(exit.o)
                0x0000000000015cb0                .__librt_exit
 .text          0x0000000000015ce0        0x0 /usr/local/ps3dev/libpsl1ght/ppu/lib/librt.a(close.o)
 .text.__librt_close_r
                0x0000000000015ce0       0x88 /usr/local/ps3dev/libpsl1ght/ppu/lib/librt.a(close.o)
                0x0000000000015ce0                .__librt_close_r
 .text          0x0000000000015d68        0x0 /usr/local/ps3dev/libpsl1ght/ppu/lib/librt.a(lseek.o)
 .text.__librt_lseek_r
                0x0000000000015d68       0x8c /usr/local/ps3dev/libpsl1ght/ppu/lib/librt.a(lseek.o)
                0x0000000000015d68                .__librt_lseek_r
 *fill*         0x0000000000015df4        0x4 60000000
 .text.__librt_lseek64_r
                0x0000000000015df8       0x8c /usr/local/ps3dev/libpsl1ght/ppu/lib/librt.a(lseek.o)
                0x0000000000015df8                .__librt_lseek64_r
 .text          0x0000000000015e84        0x0 /usr/local/ps3dev/libpsl1ght/ppu/lib/librt.a(read.o)
 *fill*         0x0000000000015e84        0x4 60000000
 .text.__librt_read_r
                0x0000000000015e88      0x114 /usr/local/ps3dev/libpsl1ght/ppu/lib/librt.a(read.o)
                0x0000000000015e88                .__librt_read_r
 .text          0x0000000000015f9c        0x0 /usr/local/ps3dev/libpsl1ght/ppu/lib/librt.a(open.o)
 *fill*         0x0000000000015f9c        0x4 60000000
 .text.__librt_open_r
                0x0000000000015fa0      0x180 /usr/local/ps3dev/libpsl1ght/ppu/lib/librt.a(open.o)
                0x0000000000015fa0                .__librt_open_r
 .text          0x0000000000016120        0x0 /usr/local/ps3dev/libpsl1ght/ppu/lib/librt.a(sleep.o)
 .text.__librt_usleep_r
                0x0000000000016120       0x50 /usr/local/ps3dev/libpsl1ght/ppu/lib/librt.a(sleep.o)
                0x0000000000016120                .__librt_usleep_r
 .text.__librt_sleep_r
                0x0000000000016170       0x8c /usr/local/ps3dev/libpsl1ght/ppu/lib/librt.a(sleep.o)
                0x0000000000016170                .__librt_sleep_r
 .text          0x00000000000161fc        0x0 /usr/local/ps3dev/libpsl1ght/ppu/lib/librt.a(write.o)
 *fill*         0x00000000000161fc        0x4 60000000
 .text.__librt_write_r
                0x0000000000016200      0x114 /usr/local/ps3dev/libpsl1ght/ppu/lib/librt.a(write.o)
                0x0000000000016200                .__librt_write_r
 .text          0x0000000000016314        0x0 /usr/local/ps3dev/libpsl1ght/ppu/lib/librt.a(fstat.o)
 *fill*         0x0000000000016314        0x4 60000000
 .text.convertLv2Stat
                0x0000000000016318      0x234 /usr/local/ps3dev/libpsl1ght/ppu/lib/librt.a(fstat.o)
 *fill*         0x000000000001654c        0x4 60000000
 .text.__librt_fstat_r
                0x0000000000016550       0x88 /usr/local/ps3dev/libpsl1ght/ppu/lib/librt.a(fstat.o)
                0x0000000000016550                .__librt_fstat_r
 .text.__librt_fstat64_r
                0x00000000000165d8       0x88 /usr/local/ps3dev/libpsl1ght/ppu/lib/librt.a(fstat.o)
                0x00000000000165d8                .__librt_fstat64_r
 .text.__librt_stat_r
                0x0000000000016660       0x88 /usr/local/ps3dev/libpsl1ght/ppu/lib/librt.a(fstat.o)
                0x0000000000016660                .__librt_stat_r
 .text.__librt_stat64_r
                0x00000000000166e8       0x88 /usr/local/ps3dev/libpsl1ght/ppu/lib/librt.a(fstat.o)
                0x00000000000166e8                .__librt_stat64_r
 .text          0x0000000000016770        0x0 /usr/local/ps3dev/libpsl1ght/ppu/lib/librt.a(socket.o)
 .text.accept   0x0000000000016770       0xa0 /usr/local/ps3dev/libpsl1ght/ppu/lib/librt.a(socket.o)
                0x0000000000016770                .accept
 .text.bind     0x0000000000016810       0x48 /usr/local/ps3dev/libpsl1ght/ppu/lib/librt.a(socket.o)
                0x0000000000016810                .bind
 .text.connect  0x0000000000016858       0x48 /usr/local/ps3dev/libpsl1ght/ppu/lib/librt.a(socket.o)
                0x0000000000016858                .connect
 .text.listen   0x00000000000168a0       0x48 /usr/local/ps3dev/libpsl1ght/ppu/lib/librt.a(socket.o)
                0x00000000000168a0                .listen
 .text.socket   0x00000000000168e8       0x54 /usr/local/ps3dev/libpsl1ght/ppu/lib/librt.a(socket.o)
                0x00000000000168e8                .socket
 *fill*         0x000000000001693c        0x4 60000000
 .text.send     0x0000000000016940       0x50 /usr/local/ps3dev/libpsl1ght/ppu/lib/librt.a(socket.o)
                0x0000000000016940                .send
 .text.sendto   0x0000000000016990       0x48 /usr/local/ps3dev/libpsl1ght/ppu/lib/librt.a(socket.o)
                0x0000000000016990                .sendto
 .text.recv     0x00000000000169d8       0x50 /usr/local/ps3dev/libpsl1ght/ppu/lib/librt.a(socket.o)
                0x00000000000169d8                .recv
 .text.recvfrom
                0x0000000000016a28       0x98 /usr/local/ps3dev/libpsl1ght/ppu/lib/librt.a(socket.o)
                0x0000000000016a28                .recvfrom
 .text.shutdown
                0x0000000000016ac0       0x48 /usr/local/ps3dev/libpsl1ght/ppu/lib/librt.a(socket.o)
                0x0000000000016ac0                .shutdown
 .text.inet_aton
                0x0000000000016b08       0xb8 /usr/local/ps3dev/libpsl1ght/ppu/lib/librt.a(socket.o)
                0x0000000000016b08                .inet_aton
 .text.inet_pton
                0x0000000000016bc0       0x54 /usr/local/ps3dev/libpsl1ght/ppu/lib/librt.a(socket.o)
                0x0000000000016bc0                .inet_pton
 *fill*         0x0000000000016c14        0x4 60000000
 .text.select   0x0000000000016c18       0x3c /usr/local/ps3dev/libpsl1ght/ppu/lib/librt.a(socket.o)
                0x0000000000016c18                .select
 *fill*         0x0000000000016c54        0x4 60000000
 .text.closesocket
                0x0000000000016c58       0x48 /usr/local/ps3dev/libpsl1ght/ppu/lib/librt.a(socket.o)
                0x0000000000016c58                .closesocket
 .text          0x0000000000016ca0        0x0 /usr/local/ps3dev/libpsl1ght/ppu/lib/librt.a(lock.o)
 .text.__librt_sys_lwmutex_create_r
                0x0000000000016ca0       0x38 /usr/local/ps3dev/libpsl1ght/ppu/lib/librt.a(lock.o)
                0x0000000000016ca0                .__librt_sys_lwmutex_create_r
 .text.__librt_sys_lwmutex_destroy_r
                0x0000000000016cd8       0x34 /usr/local/ps3dev/libpsl1ght/ppu/lib/librt.a(lock.o)
                0x0000000000016cd8                .__librt_sys_lwmutex_destroy_r
 *fill*         0x0000000000016d0c        0x4 60000000
 .text.__librt_sys_lwmutex_lock_r
                0x0000000000016d10       0x38 /usr/local/ps3dev/libpsl1ght/ppu/lib/librt.a(lock.o)
                0x0000000000016d10                .__librt_sys_lwmutex_lock_r
 .text.__librt_sys_lwmutex_trylock_r
                0x0000000000016d48       0x34 /usr/local/ps3dev/libpsl1ght/ppu/lib/librt.a(lock.o)
                0x0000000000016d48                .__librt_sys_lwmutex_trylock_r
 *fill*         0x0000000000016d7c        0x4 60000000
 .text.__librt_sys_lwmutex_unlock_r
                0x0000000000016d80       0x34 /usr/local/ps3dev/libpsl1ght/ppu/lib/librt.a(lock.o)
                0x0000000000016d80                .__librt_sys_lwmutex_unlock_r
 .text          0x0000000000016db4        0x0 /usr/local/ps3dev/libpsl1ght/ppu/lib/librt.a(dirent.o)
 *fill*         0x0000000000016db4        0x4 60000000
 .text.readdir_i
                0x0000000000016db8      0x10c /usr/local/ps3dev/libpsl1ght/ppu/lib/librt.a(dirent.o)
 *fill*         0x0000000000016ec4        0x4 60000000
 .text.__librt_opendir_r
                0x0000000000016ec8      0x13c /usr/local/ps3dev/libpsl1ght/ppu/lib/librt.a(dirent.o)
                0x0000000000016ec8                .__librt_opendir_r
 *fill*         0x0000000000017004        0x4 60000000
 .text.__librt_readdir_r
                0x0000000000017008       0x80 /usr/local/ps3dev/libpsl1ght/ppu/lib/librt.a(dirent.o)
                0x0000000000017008                .__librt_readdir_r
 .text.__librt_readdir_r_r
                0x0000000000017088       0x54 /usr/local/ps3dev/libpsl1ght/ppu/lib/librt.a(dirent.o)
                0x0000000000017088                .__librt_readdir_r_r
 *fill*         0x00000000000170dc        0x4 60000000
 .text.__librt_closedir_r
                0x00000000000170e0       0x84 /usr/local/ps3dev/libpsl1ght/ppu/lib/librt.a(dirent.o)
                0x00000000000170e0                .__librt_closedir_r
 *fill*         0x0000000000017164        0x4 60000000
 .text.__librt_telldir_r
                0x0000000000017168       0x24 /usr/local/ps3dev/libpsl1ght/ppu/lib/librt.a(dirent.o)
                0x0000000000017168                .__librt_telldir_r
 *fill*         0x000000000001718c        0x4 60000000
 .text.__librt_rewinddir_r
                0x0000000000017190       0x18 /usr/local/ps3dev/libpsl1ght/ppu/lib/librt.a(dirent.o)
                0x0000000000017190                .__librt_rewinddir_r
 .text.__librt_seekdir_r
                0x00000000000171a8       0x18 /usr/local/ps3dev/libpsl1ght/ppu/lib/librt.a(dirent.o)
                0x00000000000171a8                .__librt_seekdir_r
 .text          0x00000000000171c0        0x0 /usr/local/ps3dev/libpsl1ght/ppu/lib/librt.a(mkdir.o)
 .text.__librt_mkdir_r
                0x00000000000171c0       0x60 /usr/local/ps3dev/libpsl1ght/ppu/lib/librt.a(mkdir.o)
                0x00000000000171c0                .__librt_mkdir_r
 .text          0x0000000000017220        0x0 /usr/local/ps3dev/libpsl1ght/ppu/lib/librt.a(times.o)
 .text.__librt_times_r
                0x0000000000017220       0x1c /usr/local/ps3dev/libpsl1ght/ppu/lib/librt.a(times.o)
                0x0000000000017220                .__librt_times_r
 .text          0x000000000001723c        0x0 /usr/local/ps3dev/libpsl1ght/ppu/lib/librt.a(umask.o)
 *fill*         0x000000000001723c        0x4 60000000
 .text.__librt_umask_r
                0x0000000000017240       0x20 /usr/local/ps3dev/libpsl1ght/ppu/lib/librt.a(umask.o)
                0x0000000000017240                .__librt_umask_r
 .text          0x0000000000017260        0x0 /usr/local/ps3dev/libpsl1ght/ppu/lib/librt.a(lv2errno.o)
 .text.lv2error
                0x0000000000017260      0x3dc /usr/local/ps3dev/libpsl1ght/ppu/lib/librt.a(lv2errno.o)
                0x0000000000017260                .lv2error
 *fill*         0x000000000001763c        0x4 60000000
 .text.lv2errno
                0x0000000000017640       0x68 /usr/local/ps3dev/libpsl1ght/ppu/lib/librt.a(lv2errno.o)
                0x0000000000017640                .lv2errno
 .text.lv2errno_r
                0x00000000000176a8       0x58 /usr/local/ps3dev/libpsl1ght/ppu/lib/librt.a(lv2errno.o)
                0x00000000000176a8                .lv2errno_r
 .text          0x0000000000017700        0x0 /usr/local/ps3dev/libpsl1ght/ppu/lib/librt.a(heap.o)
 .text.heapInit
                0x0000000000017700       0xe8 /usr/local/ps3dev/libpsl1ght/ppu/lib/librt.a(heap.o)
                0x0000000000017700                .heapInit
 .text.heapAllocate
                0x00000000000177e8      0x17c /usr/local/ps3dev/libpsl1ght/ppu/lib/librt.a(heap.o)
                0x00000000000177e8                .heapAllocate
 *fill*         0x0000000000017964        0x4 60000000
 .text.heapAllocateAligned
                0x0000000000017968      0x220 /usr/local/ps3dev/libpsl1ght/ppu/lib/librt.a(heap.o)
                0x0000000000017968                .heapAllocateAligned
 .text.heapFree
                0x0000000000017b88      0x220 /usr/local/ps3dev/libpsl1ght/ppu/lib/librt.a(heap.o)
                0x0000000000017b88                .heapFree
 .text          0x0000000000017da8        0x0 /usr/local/ps3dev/libpsl1ght/ppu/lib/librt.a(chmod.o)
 .text.__librt_chmod_r
                0x0000000000017da8       0x54 /usr/local/ps3dev/libpsl1ght/ppu/lib/librt.a(chmod.o)
                0x0000000000017da8                .__librt_chmod_r
 .text          0x0000000000017dfc        0x0 /usr/local/ps3dev/libpsl1ght/ppu/lib/librt.a(rmdir.o)
 *fill*         0x0000000000017dfc        0x4 60000000
 .text.__librt_rmdir_r
                0x0000000000017e00       0x50 /usr/local/ps3dev/libpsl1ght/ppu/lib/librt.a(rmdir.o)
                0x0000000000017e00                .__librt_rmdir_r
 .text          0x0000000000017e50        0x0 /usr/local/ps3dev/libpsl1ght/ppu/lib/librt.a(isatty.o)
 .text.__librt_isatty_r
                0x0000000000017e50       0x2c /usr/local/ps3dev/libpsl1ght/ppu/lib/librt.a(isatty.o)
                0x0000000000017e50                .__librt_isatty_r
 .text          0x0000000000017e7c        0x0 /usr/local/ps3dev/libpsl1ght/ppu/lib/librt.a(gettod.o)
 *fill*         0x0000000000017e7c        0x4 60000000
 .text.__librt_gettod_r
                0x0000000000017e80       0xb8 /usr/local/ps3dev/libpsl1ght/ppu/lib/librt.a(gettod.o)
                0x0000000000017e80                .__librt_gettod_r
 .text          0x0000000000017f38        0x0 /usr/local/ps3dev/libpsl1ght/ppu/lib/librt.a(settod.o)
 .text.__librt_settod_r
                0x0000000000017f38       0x58 /usr/local/ps3dev/libpsl1ght/ppu/lib/librt.a(settod.o)
                0x0000000000017f38                .__librt_settod_r
 .text          0x0000000000017f90        0x0 /usr/local/ps3dev/libpsl1ght/ppu/lib/liblv2.a(sprx.o)
 .text          0x0000000000017f90        0x0 /usr/local/ps3dev/libpsl1ght/ppu/lib/libsysmodule.a(sprx.o)
 .text          0x0000000000017f90        0x0 /usr/local/ps3dev/libpsl1ght/ppu/lib/libjpgdec.a(jpgdec.o)
 .text.jpg_malloc
                0x0000000000017f90       0x30 /usr/local/ps3dev/libpsl1ght/ppu/lib/libjpgdec.a(jpgdec.o)
 .text.jpg_free
                0x0000000000017fc0       0x30 /usr/local/ps3dev/libpsl1ght/ppu/lib/libjpgdec.a(jpgdec.o)
 .text.decodeJPEG
                0x0000000000017ff0      0x274 /usr/local/ps3dev/libpsl1ght/ppu/lib/libjpgdec.a(jpgdec.o)
 *fill*         0x0000000000018264        0x4 60000000
 .text.jpgLoadFromFile
                0x0000000000018268       0x60 /usr/local/ps3dev/libpsl1ght/ppu/lib/libjpgdec.a(jpgdec.o)
                0x0000000000018268                .jpgLoadFromFile
 .text.jpgLoadFromBuffer
                0x00000000000182c8       0x70 /usr/local/ps3dev/libpsl1ght/ppu/lib/libjpgdec.a(jpgdec.o)
                0x00000000000182c8                .jpgLoadFromBuffer
 .text          0x0000000000018338        0x0 /usr/local/ps3dev/libpsl1ght/ppu/lib/libjpgdec.a(sprx.o)
 .text          0x0000000000018338        0x0 /usr/local/ps3dev/libpsl1ght/ppu/lib/libpngdec.a(pngdec.o)
 .text.png_malloc
                0x0000000000018338       0x30 /usr/local/ps3dev/libpsl1ght/ppu/lib/libpngdec.a(pngdec.o)
 .text.png_free
                0x0000000000018368       0x30 /usr/local/ps3dev/libpsl1ght/ppu/lib/libpngdec.a(pngdec.o)
 .text.decodePNG
                0x0000000000018398      0x288 /usr/local/ps3dev/libpsl1ght/ppu/lib/libpngdec.a(pngdec.o)
 .text.pngLoadFromFile
                0x0000000000018620       0x60 /usr/local/ps3dev/libpsl1ght/ppu/lib/libpngdec.a(pngdec.o)
                0x0000000000018620                .pngLoadFromFile
 .text.pngLoadFromBuffer
                0x0000000000018680       0x70 /usr/local/ps3dev/libpsl1ght/ppu/lib/libpngdec.a(pngdec.o)
                0x0000000000018680                .pngLoadFromBuffer
 .text          0x00000000000186f0        0x0 /usr/local/ps3dev/libpsl1ght/ppu/lib/libpngdec.a(sprx.o)
 .text          0x00000000000186f0        0x0 /usr/local/ps3dev/ppu/lib/gcc/powerpc64-ps3-elf/4.6.1/../../../../powerpc64-ps3-elf/lib/libstdc++.a(new_op.o)
 .text._Znwm    0x00000000000186f0       0xec /usr/local/ps3dev/ppu/lib/gcc/powerpc64-ps3-elf/4.6.1/../../../../powerpc64-ps3-elf/lib/libstdc++.a(new_op.o)
                0x00000000000186f0                ._Znwm
 .text          0x00000000000187dc        0x0 /usr/local/ps3dev/ppu/lib/gcc/powerpc64-ps3-elf/4.6.1/../../../../powerpc64-ps3-elf/lib/libstdc++.a(eh_alloc.o)
 *fill*         0x00000000000187dc        0x4 60000000
 .text.__cxa_allocate_exception
                0x00000000000187e0       0xec /usr/local/ps3dev/ppu/lib/gcc/powerpc64-ps3-elf/4.6.1/../../../../powerpc64-ps3-elf/lib/libstdc++.a(eh_alloc.o)
                0x00000000000187e0                .__cxa_allocate_exception
 *fill*         0x00000000000188cc        0x4 60000000
 .text.__cxa_free_exception
                0x00000000000188d0       0x7c /usr/local/ps3dev/ppu/lib/gcc/powerpc64-ps3-elf/4.6.1/../../../../powerpc64-ps3-elf/lib/libstdc++.a(eh_alloc.o)
                0x00000000000188d0                .__cxa_free_exception
 *fill*         0x000000000001894c        0x4 60000000
 .text.__cxa_allocate_dependent_exception
                0x0000000000018950       0xe4 /usr/local/ps3dev/ppu/lib/gcc/powerpc64-ps3-elf/4.6.1/../../../../powerpc64-ps3-elf/lib/libstdc++.a(eh_alloc.o)
                0x0000000000018950                .__cxa_allocate_dependent_exception
 *fill*         0x0000000000018a34        0x4 60000000
 .text.__cxa_free_dependent_exception
                0x0000000000018a38       0x88 /usr/local/ps3dev/ppu/lib/gcc/powerpc64-ps3-elf/4.6.1/../../../../powerpc64-ps3-elf/lib/libstdc++.a(eh_alloc.o)
                0x0000000000018a38                .__cxa_free_dependent_exception
 .text          0x0000000000018ac0        0x0 /usr/local/ps3dev/ppu/lib/gcc/powerpc64-ps3-elf/4.6.1/../../../../powerpc64-ps3-elf/lib/libstdc++.a(eh_terminate.o)
 .text._ZN10__cxxabiv111__terminateEPFvvE
                0x0000000000018ac0       0x7c /usr/local/ps3dev/ppu/lib/gcc/powerpc64-ps3-elf/4.6.1/../../../../powerpc64-ps3-elf/lib/libstdc++.a(eh_terminate.o)
                0x0000000000018ac0                ._ZN10__cxxabiv111__terminateEPFvvE
 *fill*         0x0000000000018b3c        0x4 60000000
 .text._ZSt9terminatev
                0x0000000000018b40       0x24 /usr/local/ps3dev/ppu/lib/gcc/powerpc64-ps3-elf/4.6.1/../../../../powerpc64-ps3-elf/lib/libstdc++.a(eh_terminate.o)
                0x0000000000018b40                ._ZSt9terminatev
 *fill*         0x0000000000018b64        0x4 60000000
 .text._ZN10__cxxabiv112__unexpectedEPFvvE
                0x0000000000018b68       0x38 /usr/local/ps3dev/ppu/lib/gcc/powerpc64-ps3-elf/4.6.1/../../../../powerpc64-ps3-elf/lib/libstdc++.a(eh_terminate.o)
                0x0000000000018b68                ._ZN10__cxxabiv112__unexpectedEPFvvE
 .text._ZSt10unexpectedv
                0x0000000000018ba0       0x40 /usr/local/ps3dev/ppu/lib/gcc/powerpc64-ps3-elf/4.6.1/../../../../powerpc64-ps3-elf/lib/libstdc++.a(eh_terminate.o)
                0x0000000000018ba0                ._ZSt10unexpectedv
 .text._ZSt13set_terminatePFvvE
                0x0000000000018be0       0x20 /usr/local/ps3dev/ppu/lib/gcc/powerpc64-ps3-elf/4.6.1/../../../../powerpc64-ps3-elf/lib/libstdc++.a(eh_terminate.o)
                0x0000000000018be0                ._ZSt13set_terminatePFvvE
 .text._ZSt14set_unexpectedPFvvE
                0x0000000000018c00       0x20 /usr/local/ps3dev/ppu/lib/gcc/powerpc64-ps3-elf/4.6.1/../../../../powerpc64-ps3-elf/lib/libstdc++.a(eh_terminate.o)
                0x0000000000018c00                ._ZSt14set_unexpectedPFvvE
 .text          0x0000000000018c20        0x0 /usr/local/ps3dev/ppu/lib/gcc/powerpc64-ps3-elf/4.6.1/../../../../powerpc64-ps3-elf/lib/libstdc++.a(del_op.o)
 .text._ZdlPv   0x0000000000018c20       0x38 /usr/local/ps3dev/ppu/lib/gcc/powerpc64-ps3-elf/4.6.1/../../../../powerpc64-ps3-elf/lib/libstdc++.a(del_op.o)
                0x0000000000018c20                ._ZdlPv
 .text          0x0000000000018c58        0x0 /usr/local/ps3dev/ppu/lib/gcc/powerpc64-ps3-elf/4.6.1/../../../../powerpc64-ps3-elf/lib/libstdc++.a(eh_throw.o)
 .text._ZL23__gxx_exception_cleanup19_Unwind_Reason_CodeP17_Unwind_Exception
                0x0000000000018c58       0xa8 /usr/local/ps3dev/ppu/lib/gcc/powerpc64-ps3-elf/4.6.1/../../../../powerpc64-ps3-elf/lib/libstdc++.a(eh_throw.o)
 .text.__cxa_throw
                0x0000000000018d00       0x8c /usr/local/ps3dev/ppu/lib/gcc/powerpc64-ps3-elf/4.6.1/../../../../powerpc64-ps3-elf/lib/libstdc++.a(eh_throw.o)
                0x0000000000018d00                .__cxa_throw
 *fill*         0x0000000000018d8c        0x4 60000000
 .text.__cxa_rethrow
                0x0000000000018d90       0x9c /usr/local/ps3dev/ppu/lib/gcc/powerpc64-ps3-elf/4.6.1/../../../../powerpc64-ps3-elf/lib/libstdc++.a(eh_throw.o)
                0x0000000000018d90                .__cxa_rethrow
 .text          0x0000000000018e2c        0x0 /usr/local/ps3dev/ppu/lib/gcc/powerpc64-ps3-elf/4.6.1/../../../../powerpc64-ps3-elf/lib/libstdc++.a(eh_catch.o)
 *fill*         0x0000000000018e2c        0x4 60000000
 .text.__cxa_get_exception_ptr
                0x0000000000018e30       0x14 /usr/local/ps3dev/ppu/lib/gcc/powerpc64-ps3-elf/4.6.1/../../../../powerpc64-ps3-elf/lib/libstdc++.a(eh_catch.o)
                0x0000000000018e30                .__cxa_get_exception_ptr
 *fill*         0x0000000000018e44        0x4 60000000
 .text.__cxa_begin_catch
                0x0000000000018e48       0xe0 /usr/local/ps3dev/ppu/lib/gcc/powerpc64-ps3-elf/4.6.1/../../../../powerpc64-ps3-elf/lib/libstdc++.a(eh_catch.o)
                0x0000000000018e48                .__cxa_begin_catch
 .text.__cxa_end_catch
                0x0000000000018f28       0xf4 /usr/local/ps3dev/ppu/lib/gcc/powerpc64-ps3-elf/4.6.1/../../../../powerpc64-ps3-elf/lib/libstdc++.a(eh_catch.o)
                0x0000000000018f28                .__cxa_end_catch
 *fill*         0x000000000001901c        0x4 60000000
 .text._ZSt18uncaught_exceptionv
                0x0000000000019020       0x44 /usr/local/ps3dev/ppu/lib/gcc/powerpc64-ps3-elf/4.6.1/../../../../powerpc64-ps3-elf/lib/libstdc++.a(eh_catch.o)
                0x0000000000019020                ._ZSt18uncaught_exceptionv
 .text          0x0000000000019064        0x0 /usr/local/ps3dev/ppu/lib/gcc/powerpc64-ps3-elf/4.6.1/../../../../powerpc64-ps3-elf/lib/libstdc++.a(eh_globals.o)
 *fill*         0x0000000000019064        0x4 60000000
 .text.__cxa_get_globals_fast
                0x0000000000019068       0x14 /usr/local/ps3dev/ppu/lib/gcc/powerpc64-ps3-elf/4.6.1/../../../../powerpc64-ps3-elf/lib/libstdc++.a(eh_globals.o)
                0x0000000000019068                .__cxa_get_globals_fast
 *fill*         0x000000000001907c        0x4 60000000
 .text.__cxa_get_globals
                0x0000000000019080       0x14 /usr/local/ps3dev/ppu/lib/gcc/powerpc64-ps3-elf/4.6.1/../../../../powerpc64-ps3-elf/lib/libstdc++.a(eh_globals.o)
                0x0000000000019080                .__cxa_get_globals
 .text          0x0000000000019094        0x0 /usr/local/ps3dev/ppu/lib/gcc/powerpc64-ps3-elf/4.6.1/../../../../powerpc64-ps3-elf/lib/libstdc++.a(eh_personality.o)
 *fill*         0x0000000000019094        0x4 60000000
 .text._ZL12read_sleb128PKhPl
                0x0000000000019098       0x64 /usr/local/ps3dev/ppu/lib/gcc/powerpc64-ps3-elf/4.6.1/../../../../powerpc64-ps3-elf/lib/libstdc++.a(eh_personality.o)
 *fill*         0x00000000000190fc        0x4 60000000
 .text._ZL21base_of_encoded_valuehP15_Unwind_Context
                0x0000000000019100       0xe0 /usr/local/ps3dev/ppu/lib/gcc/powerpc64-ps3-elf/4.6.1/../../../../powerpc64-ps3-elf/lib/libstdc++.a(eh_personality.o)
 .text._ZL28read_encoded_value_with_basehmPKhPm
                0x00000000000191e0      0x224 /usr/local/ps3dev/ppu/lib/gcc/powerpc64-ps3-elf/4.6.1/../../../../powerpc64-ps3-elf/lib/libstdc++.a(eh_personality.o)
 *fill*         0x0000000000019404        0x4 60000000
 .text._ZL17parse_lsda_headerP15_Unwind_ContextPKhP16lsda_header_info.constprop.5
                0x0000000000019408      0x168 /usr/local/ps3dev/ppu/lib/gcc/powerpc64-ps3-elf/4.6.1/../../../../powerpc64-ps3-elf/lib/libstdc++.a(eh_personality.o)
 .text._ZL15get_ttype_entryP16lsda_header_infom.constprop.6
                0x0000000000019570       0xf4 /usr/local/ps3dev/ppu/lib/gcc/powerpc64-ps3-elf/4.6.1/../../../../powerpc64-ps3-elf/lib/libstdc++.a(eh_personality.o)
 *fill*         0x0000000000019664        0x4 60000000
 .text._ZL20check_exception_specP16lsda_header_infoPKSt9type_infoPvl.constprop.4
                0x0000000000019668      0x158 /usr/local/ps3dev/ppu/lib/gcc/powerpc64-ps3-elf/4.6.1/../../../../powerpc64-ps3-elf/lib/libstdc++.a(eh_personality.o)
 .text.__gxx_personality_v0
                0x00000000000197c0      0x5cc /usr/local/ps3dev/ppu/lib/gcc/powerpc64-ps3-elf/4.6.1/../../../../powerpc64-ps3-elf/lib/libstdc++.a(eh_personality.o)
                0x00000000000197c0                .__gxx_personality_v0
 *fill*         0x0000000000019d8c        0x4 60000000
 .text.__cxa_call_unexpected
                0x0000000000019d90      0x128 /usr/local/ps3dev/ppu/lib/gcc/powerpc64-ps3-elf/4.6.1/../../../../powerpc64-ps3-elf/lib/libstdc++.a(eh_personality.o)
                0x0000000000019d90                .__cxa_call_unexpected
 .text          0x0000000000019eb8        0x0 /usr/local/ps3dev/ppu/lib/gcc/powerpc64-ps3-elf/4.6.1/../../../../powerpc64-ps3-elf/lib/libstdc++.a(eh_call.o)
 .text.__cxa_call_terminate
                0x0000000000019eb8       0x68 /usr/local/ps3dev/ppu/lib/gcc/powerpc64-ps3-elf/4.6.1/../../../../powerpc64-ps3-elf/lib/libstdc++.a(eh_call.o)
                0x0000000000019eb8                .__cxa_call_terminate
 .text          0x0000000000019f20        0x0 /usr/local/ps3dev/ppu/lib/gcc/powerpc64-ps3-elf/4.6.1/../../../../powerpc64-ps3-elf/lib/libstdc++.a(new_handler.o)
 .text._ZSt15set_new_handlerPFvvE
                0x0000000000019f20       0x20 /usr/local/ps3dev/ppu/lib/gcc/powerpc64-ps3-elf/4.6.1/../../../../powerpc64-ps3-elf/lib/libstdc++.a(new_handler.o)
                0x0000000000019f20                ._ZSt15set_new_handlerPFvvE
 .text          0x0000000000019f40        0x0 /usr/local/ps3dev/ppu/lib/gcc/powerpc64-ps3-elf/4.6.1/../../../../powerpc64-ps3-elf/lib/libstdc++.a(eh_unex_handler.o)
 .text          0x0000000000019f40        0x0 /usr/local/ps3dev/ppu/lib/gcc/powerpc64-ps3-elf/4.6.1/../../../../powerpc64-ps3-elf/lib/libstdc++.a(bad_alloc.o)
 .text._ZNKSt9bad_alloc4whatEv
                0x0000000000019f40       0x14 /usr/local/ps3dev/ppu/lib/gcc/powerpc64-ps3-elf/4.6.1/../../../../powerpc64-ps3-elf/lib/libstdc++.a(bad_alloc.o)
                0x0000000000019f40                ._ZNKSt9bad_alloc4whatEv
 *fill*         0x0000000000019f54        0x4 60000000
 .text._ZNSt9bad_allocD2Ev
                0x0000000000019f58       0x38 /usr/local/ps3dev/ppu/lib/gcc/powerpc64-ps3-elf/4.6.1/../../../../powerpc64-ps3-elf/lib/libstdc++.a(bad_alloc.o)
                0x0000000000019f58                ._ZNSt9bad_allocD1Ev
                0x0000000000019f58                ._ZNSt9bad_allocD2Ev
 .text._ZNSt9bad_allocD0Ev
                0x0000000000019f90       0x50 /usr/local/ps3dev/ppu/lib/gcc/powerpc64-ps3-elf/4.6.1/../../../../powerpc64-ps3-elf/lib/libstdc++.a(bad_alloc.o)
                0x0000000000019f90                ._ZNSt9bad_allocD0Ev
 .text          0x0000000000019fe0        0x0 /usr/local/ps3dev/ppu/lib/gcc/powerpc64-ps3-elf/4.6.1/../../../../powerpc64-ps3-elf/lib/libstdc++.a(eh_term_handler.o)
 .text          0x0000000000019fe0        0x0 /usr/local/ps3dev/ppu/lib/gcc/powerpc64-ps3-elf/4.6.1/../../../../powerpc64-ps3-elf/lib/libstdc++.a(si_class_type_info.o)
 .text._ZN10__cxxabiv120__si_class_type_infoD2Ev
                0x0000000000019fe0       0x38 /usr/local/ps3dev/ppu/lib/gcc/powerpc64-ps3-elf/4.6.1/../../../../powerpc64-ps3-elf/lib/libstdc++.a(si_class_type_info.o)
                0x0000000000019fe0                ._ZN10__cxxabiv120__si_class_type_infoD2Ev
                0x0000000000019fe0                ._ZN10__cxxabiv120__si_class_type_infoD1Ev
 .text._ZN10__cxxabiv120__si_class_type_infoD0Ev
                0x000000000001a018       0x50 /usr/local/ps3dev/ppu/lib/gcc/powerpc64-ps3-elf/4.6.1/../../../../powerpc64-ps3-elf/lib/libstdc++.a(si_class_type_info.o)
                0x000000000001a018                ._ZN10__cxxabiv120__si_class_type_infoD0Ev
 .text._ZNK10__cxxabiv120__si_class_type_info11__do_upcastEPKNS_17__class_type_infoEPKvRNS1_15__upcast_resultE
                0x000000000001a068       0xa4 /usr/local/ps3dev/ppu/lib/gcc/powerpc64-ps3-elf/4.6.1/../../../../powerpc64-ps3-elf/lib/libstdc++.a(si_class_type_info.o)
                0x000000000001a068                ._ZNK10__cxxabiv120__si_class_type_info11__do_upcastEPKNS_17__class_type_infoEPKvRNS1_15__upcast_resultE
 *fill*         0x000000000001a10c        0x4 60000000
 .text._ZNK10__cxxabiv120__si_class_type_info12__do_dyncastElNS_17__class_type_info10__sub_kindEPKS1_PKvS4_S6_RNS1_16__dyncast_resultE
                0x000000000001a110      0x1c4 /usr/local/ps3dev/ppu/lib/gcc/powerpc64-ps3-elf/4.6.1/../../../../powerpc64-ps3-elf/lib/libstdc++.a(si_class_type_info.o)
                0x000000000001a110                ._ZNK10__cxxabiv120__si_class_type_info12__do_dyncastElNS_17__class_type_info10__sub_kindEPKS1_PKvS4_S6_RNS1_16__dyncast_resultE
 *fill*         0x000000000001a2d4        0x4 60000000
 .text._ZNK10__cxxabiv120__si_class_type_info20__do_find_public_srcElPKvPKNS_17__class_type_infoES2_
                0x000000000001a2d8       0xd8 /usr/local/ps3dev/ppu/lib/gcc/powerpc64-ps3-elf/4.6.1/../../../../powerpc64-ps3-elf/lib/libstdc++.a(si_class_type_info.o)
                0x000000000001a2d8                ._ZNK10__cxxabiv120__si_class_type_info20__do_find_public_srcElPKvPKNS_17__class_type_infoES2_
 .text          0x000000000001a3b0        0x0 /usr/local/ps3dev/ppu/lib/gcc/powerpc64-ps3-elf/4.6.1/../../../../powerpc64-ps3-elf/lib/libstdc++.a(eh_exception.o)
 .text._ZNSt9exceptionD2Ev
                0x000000000001a3b0       0x18 /usr/local/ps3dev/ppu/lib/gcc/powerpc64-ps3-elf/4.6.1/../../../../powerpc64-ps3-elf/lib/libstdc++.a(eh_exception.o)
                0x000000000001a3b0                ._ZNSt9exceptionD2Ev
                0x000000000001a3b0                ._ZNSt9exceptionD1Ev
 .text._ZNSt13bad_exceptionD2Ev
                0x000000000001a3c8       0x18 /usr/local/ps3dev/ppu/lib/gcc/powerpc64-ps3-elf/4.6.1/../../../../powerpc64-ps3-elf/lib/libstdc++.a(eh_exception.o)
                0x000000000001a3c8                ._ZNSt13bad_exceptionD1Ev
                0x000000000001a3c8                ._ZNSt13bad_exceptionD2Ev
 .text._ZN10__cxxabiv115__forced_unwindD2Ev
                0x000000000001a3e0       0x18 /usr/local/ps3dev/ppu/lib/gcc/powerpc64-ps3-elf/4.6.1/../../../../powerpc64-ps3-elf/lib/libstdc++.a(eh_exception.o)
                0x000000000001a3e0                ._ZN10__cxxabiv115__forced_unwindD1Ev
                0x000000000001a3e0                ._ZN10__cxxabiv115__forced_unwindD2Ev
 .text._ZN10__cxxabiv119__foreign_exceptionD2Ev
                0x000000000001a3f8       0x18 /usr/local/ps3dev/ppu/lib/gcc/powerpc64-ps3-elf/4.6.1/../../../../powerpc64-ps3-elf/lib/libstdc++.a(eh_exception.o)
                0x000000000001a3f8                ._ZN10__cxxabiv119__foreign_exceptionD2Ev
                0x000000000001a3f8                ._ZN10__cxxabiv119__foreign_exceptionD1Ev
 .text._ZNKSt9exception4whatEv
                0x000000000001a410       0x14 /usr/local/ps3dev/ppu/lib/gcc/powerpc64-ps3-elf/4.6.1/../../../../powerpc64-ps3-elf/lib/libstdc++.a(eh_exception.o)
                0x000000000001a410                ._ZNKSt9exception4whatEv
 *fill*         0x000000000001a424        0x4 60000000
 .text._ZNKSt13bad_exception4whatEv
                0x000000000001a428       0x14 /usr/local/ps3dev/ppu/lib/gcc/powerpc64-ps3-elf/4.6.1/../../../../powerpc64-ps3-elf/lib/libstdc++.a(eh_exception.o)
                0x000000000001a428                ._ZNKSt13bad_exception4whatEv
 *fill*         0x000000000001a43c        0x4 60000000
 .text._ZN10__cxxabiv119__foreign_exceptionD0Ev
                0x000000000001a440       0x38 /usr/local/ps3dev/ppu/lib/gcc/powerpc64-ps3-elf/4.6.1/../../../../powerpc64-ps3-elf/lib/libstdc++.a(eh_exception.o)
                0x000000000001a440                ._ZN10__cxxabiv119__foreign_exceptionD0Ev
 .text._ZN10__cxxabiv115__forced_unwindD0Ev
                0x000000000001a478       0x38 /usr/local/ps3dev/ppu/lib/gcc/powerpc64-ps3-elf/4.6.1/../../../../powerpc64-ps3-elf/lib/libstdc++.a(eh_exception.o)
                0x000000000001a478                ._ZN10__cxxabiv115__forced_unwindD0Ev
 .text._ZNSt13bad_exceptionD0Ev
                0x000000000001a4b0       0x38 /usr/local/ps3dev/ppu/lib/gcc/powerpc64-ps3-elf/4.6.1/../../../../powerpc64-ps3-elf/lib/libstdc++.a(eh_exception.o)
                0x000000000001a4b0                ._ZNSt13bad_exceptionD0Ev
 .text._ZNSt9exceptionD0Ev
                0x000000000001a4e8       0x38 /usr/local/ps3dev/ppu/lib/gcc/powerpc64-ps3-elf/4.6.1/../../../../powerpc64-ps3-elf/lib/libstdc++.a(eh_exception.o)
                0x000000000001a4e8                ._ZNSt9exceptionD0Ev
 .text          0x000000000001a520        0x0 /usr/local/ps3dev/ppu/lib/gcc/powerpc64-ps3-elf/4.6.1/../../../../powerpc64-ps3-elf/lib/libstdc++.a(class_type_info.o)
 .text._ZNK10__cxxabiv117__class_type_info11__do_upcastEPKS0_PPv
                0x000000000001a520       0x98 /usr/local/ps3dev/ppu/lib/gcc/powerpc64-ps3-elf/4.6.1/../../../../powerpc64-ps3-elf/lib/libstdc++.a(class_type_info.o)
                0x000000000001a520                ._ZNK10__cxxabiv117__class_type_info11__do_upcastEPKS0_PPv
 .text._ZNK10__cxxabiv117__class_type_info20__do_find_public_srcElPKvPKS0_S2_
                0x000000000001a5b8       0x20 /usr/local/ps3dev/ppu/lib/gcc/powerpc64-ps3-elf/4.6.1/../../../../powerpc64-ps3-elf/lib/libstdc++.a(class_type_info.o)
                0x000000000001a5b8                ._ZNK10__cxxabiv117__class_type_info20__do_find_public_srcElPKvPKS0_S2_
 .text._ZN10__cxxabiv117__class_type_infoD2Ev
                0x000000000001a5d8       0x38 /usr/local/ps3dev/ppu/lib/gcc/powerpc64-ps3-elf/4.6.1/../../../../powerpc64-ps3-elf/lib/libstdc++.a(class_type_info.o)
                0x000000000001a5d8                ._ZN10__cxxabiv117__class_type_infoD1Ev
                0x000000000001a5d8                ._ZN10__cxxabiv117__class_type_infoD2Ev
 .text._ZN10__cxxabiv117__class_type_infoD0Ev
                0x000000000001a610       0x50 /usr/local/ps3dev/ppu/lib/gcc/powerpc64-ps3-elf/4.6.1/../../../../powerpc64-ps3-elf/lib/libstdc++.a(class_type_info.o)
                0x000000000001a610                ._ZN10__cxxabiv117__class_type_infoD0Ev
 .text._ZNK10__cxxabiv117__class_type_info11__do_upcastEPKS0_PKvRNS0_15__upcast_resultE
                0x000000000001a660       0xbc /usr/local/ps3dev/ppu/lib/gcc/powerpc64-ps3-elf/4.6.1/../../../../powerpc64-ps3-elf/lib/libstdc++.a(class_type_info.o)
                0x000000000001a660                ._ZNK10__cxxabiv117__class_type_info11__do_upcastEPKS0_PKvRNS0_15__upcast_resultE
 *fill*         0x000000000001a71c        0x4 60000000
 .text._ZNK10__cxxabiv117__class_type_info10__do_catchEPKSt9type_infoPPvj
                0x000000000001a720      0x100 /usr/local/ps3dev/ppu/lib/gcc/powerpc64-ps3-elf/4.6.1/../../../../powerpc64-ps3-elf/lib/libstdc++.a(class_type_info.o)
                0x000000000001a720                ._ZNK10__cxxabiv117__class_type_info10__do_catchEPKSt9type_infoPPvj
 .text._ZNK10__cxxabiv117__class_type_info12__do_dyncastElNS0_10__sub_kindEPKS0_PKvS3_S5_RNS0_16__dyncast_resultE
                0x000000000001a820       0xf0 /usr/local/ps3dev/ppu/lib/gcc/powerpc64-ps3-elf/4.6.1/../../../../powerpc64-ps3-elf/lib/libstdc++.a(class_type_info.o)
                0x000000000001a820                ._ZNK10__cxxabiv117__class_type_info12__do_dyncastElNS0_10__sub_kindEPKS0_PKvS3_S5_RNS0_16__dyncast_resultE
 .text          0x000000000001a910        0x0 /usr/local/ps3dev/ppu/lib/gcc/powerpc64-ps3-elf/4.6.1/../../../../powerpc64-ps3-elf/lib/libstdc++.a(tinfo.o)
 .text._ZNSt9type_infoD2Ev
                0x000000000001a910       0x18 /usr/local/ps3dev/ppu/lib/gcc/powerpc64-ps3-elf/4.6.1/../../../../powerpc64-ps3-elf/lib/libstdc++.a(tinfo.o)
                0x000000000001a910                ._ZNSt9type_infoD1Ev
                0x000000000001a910                ._ZNSt9type_infoD2Ev
 .text._ZNKSt9type_info14__is_pointer_pEv
                0x000000000001a928       0x14 /usr/local/ps3dev/ppu/lib/gcc/powerpc64-ps3-elf/4.6.1/../../../../powerpc64-ps3-elf/lib/libstdc++.a(tinfo.o)
                0x000000000001a928                ._ZNKSt9type_info14__is_pointer_pEv
 *fill*         0x000000000001a93c        0x4 60000000
 .text._ZNKSt9type_info15__is_function_pEv
                0x000000000001a940       0x14 /usr/local/ps3dev/ppu/lib/gcc/powerpc64-ps3-elf/4.6.1/../../../../powerpc64-ps3-elf/lib/libstdc++.a(tinfo.o)
                0x000000000001a940                ._ZNKSt9type_info15__is_function_pEv
 *fill*         0x000000000001a954        0x4 60000000
 .text._ZNKSt9type_info11__do_upcastEPKN10__cxxabiv117__class_type_infoEPPv
                0x000000000001a958       0x14 /usr/local/ps3dev/ppu/lib/gcc/powerpc64-ps3-elf/4.6.1/../../../../powerpc64-ps3-elf/lib/libstdc++.a(tinfo.o)
                0x000000000001a958                ._ZNKSt9type_info11__do_upcastEPKN10__cxxabiv117__class_type_infoEPPv
 *fill*         0x000000000001a96c        0x4 60000000
 .text._ZNKSt9type_info10__do_catchEPKS_PPvj
                0x000000000001a970       0x64 /usr/local/ps3dev/ppu/lib/gcc/powerpc64-ps3-elf/4.6.1/../../../../powerpc64-ps3-elf/lib/libstdc++.a(tinfo.o)
                0x000000000001a970                ._ZNKSt9type_info10__do_catchEPKS_PPvj
 *fill*         0x000000000001a9d4        0x4 60000000
 .text._ZNSt9type_infoD0Ev
                0x000000000001a9d8       0x38 /usr/local/ps3dev/ppu/lib/gcc/powerpc64-ps3-elf/4.6.1/../../../../powerpc64-ps3-elf/lib/libstdc++.a(tinfo.o)
                0x000000000001a9d8                ._ZNSt9type_infoD0Ev
 .text          0x000000000001aa10        0x0 /usr/local/ps3dev/ppu/lib/gcc/powerpc64-ps3-elf/4.6.1/../../../../powerpc64-ps3-elf/lib/libstdc++.a(vterminate.o)
 .text._ZN9__gnu_cxx27__verbose_terminate_handlerEv
                0x000000000001aa10      0x23c /usr/local/ps3dev/ppu/lib/gcc/powerpc64-ps3-elf/4.6.1/../../../../powerpc64-ps3-elf/lib/libstdc++.a(vterminate.o)
                0x000000000001aa10                ._ZN9__gnu_cxx27__verbose_terminate_handlerEv
 .text          0x000000000001ac4c        0x0 /usr/local/ps3dev/ppu/lib/gcc/powerpc64-ps3-elf/4.6.1/../../../../powerpc64-ps3-elf/lib/libstdc++.a(pure.o)
 *fill*         0x000000000001ac4c        0x4 60000000
 .text.__cxa_pure_virtual
                0x000000000001ac50       0x34 /usr/local/ps3dev/ppu/lib/gcc/powerpc64-ps3-elf/4.6.1/../../../../powerpc64-ps3-elf/lib/libstdc++.a(pure.o)
                0x000000000001ac50                .__cxa_pure_virtual
 .text          0x000000000001ac84        0x0 /usr/local/ps3dev/ppu/lib/gcc/powerpc64-ps3-elf/4.6.1/../../../../powerpc64-ps3-elf/lib/libstdc++.a(eh_type.o)
 *fill*         0x000000000001ac84        0x4 60000000
 .text.__cxa_current_exception_type
                0x000000000001ac88       0x60 /usr/local/ps3dev/ppu/lib/gcc/powerpc64-ps3-elf/4.6.1/../../../../powerpc64-ps3-elf/lib/libstdc++.a(eh_type.o)
                0x000000000001ac88                .__cxa_current_exception_type
 .text          0x000000000001ace8        0x0 /usr/local/ps3dev/ppu/lib/gcc/powerpc64-ps3-elf/4.6.1/../../../../powerpc64-ps3-elf/lib/libstdc++.a(cp-demangle.o)
 .text.d_make_comp
                0x000000000001ace8      0x1fc /usr/local/ps3dev/ppu/lib/gcc/powerpc64-ps3-elf/4.6.1/../../../../powerpc64-ps3-elf/lib/libstdc++.a(cp-demangle.o)
 *fill*         0x000000000001aee4        0x4 60000000
 .text.d_make_name
                0x000000000001aee8       0x84 /usr/local/ps3dev/ppu/lib/gcc/powerpc64-ps3-elf/4.6.1/../../../../powerpc64-ps3-elf/lib/libstdc++.a(cp-demangle.o)
 *fill*         0x000000000001af6c        0x4 60000000
 .text.d_cv_qualifiers
                0x000000000001af70      0x138 /usr/local/ps3dev/ppu/lib/gcc/powerpc64-ps3-elf/4.6.1/../../../../powerpc64-ps3-elf/lib/libstdc++.a(cp-demangle.o)
 .text.d_substitution
                0x000000000001b0a8      0x2a8 /usr/local/ps3dev/ppu/lib/gcc/powerpc64-ps3-elf/4.6.1/../../../../powerpc64-ps3-elf/lib/libstdc++.a(cp-demangle.o)
 .text.d_append_char
                0x000000000001b350       0xd4 /usr/local/ps3dev/ppu/lib/gcc/powerpc64-ps3-elf/4.6.1/../../../../powerpc64-ps3-elf/lib/libstdc++.a(cp-demangle.o)
 *fill*         0x000000000001b424        0x4 60000000
 .text.d_find_pack
                0x000000000001b428      0x27c /usr/local/ps3dev/ppu/lib/gcc/powerpc64-ps3-elf/4.6.1/../../../../powerpc64-ps3-elf/lib/libstdc++.a(cp-demangle.o)
 *fill*         0x000000000001b6a4        0x4 60000000
 .text.d_number.isra.0
                0x000000000001b6a8       0xa0 /usr/local/ps3dev/ppu/lib/gcc/powerpc64-ps3-elf/4.6.1/../../../../powerpc64-ps3-elf/lib/libstdc++.a(cp-demangle.o)
 .text.d_compact_number
                0x000000000001b748       0xa4 /usr/local/ps3dev/ppu/lib/gcc/powerpc64-ps3-elf/4.6.1/../../../../powerpc64-ps3-elf/lib/libstdc++.a(cp-demangle.o)
 *fill*         0x000000000001b7ec        0x4 60000000
 .text.d_template_param
                0x000000000001b7f0       0xd0 /usr/local/ps3dev/ppu/lib/gcc/powerpc64-ps3-elf/4.6.1/../../../../powerpc64-ps3-elf/lib/libstdc++.a(cp-demangle.o)
 .text.d_source_name
                0x000000000001b8c0      0x12c /usr/local/ps3dev/ppu/lib/gcc/powerpc64-ps3-elf/4.6.1/../../../../powerpc64-ps3-elf/lib/libstdc++.a(cp-demangle.o)
 *fill*         0x000000000001b9ec        0x4 60000000
 .text.d_call_offset
                0x000000000001b9f0       0xe0 /usr/local/ps3dev/ppu/lib/gcc/powerpc64-ps3-elf/4.6.1/../../../../powerpc64-ps3-elf/lib/libstdc++.a(cp-demangle.o)
 .text.d_add_substitution
                0x000000000001bad0       0x4c /usr/local/ps3dev/ppu/lib/gcc/powerpc64-ps3-elf/4.6.1/../../../../powerpc64-ps3-elf/lib/libstdc++.a(cp-demangle.o)
 *fill*         0x000000000001bb1c        0x4 60000000
 .text.d_growable_string_callback_adapter
                0x000000000001bb20      0x15c /usr/local/ps3dev/ppu/lib/gcc/powerpc64-ps3-elf/4.6.1/../../../../powerpc64-ps3-elf/lib/libstdc++.a(cp-demangle.o)
 *fill*         0x000000000001bc7c        0x4 60000000
 .text.d_type   0x000000000001bc80      0xc68 /usr/local/ps3dev/ppu/lib/gcc/powerpc64-ps3-elf/4.6.1/../../../../powerpc64-ps3-elf/lib/libstdc++.a(cp-demangle.o)
 .text.d_parmlist
                0x000000000001c8e8      0x10c /usr/local/ps3dev/ppu/lib/gcc/powerpc64-ps3-elf/4.6.1/../../../../powerpc64-ps3-elf/lib/libstdc++.a(cp-demangle.o)
 *fill*         0x000000000001c9f4        0x4 60000000
 .text.d_bare_function_type
                0x000000000001c9f8       0xb8 /usr/local/ps3dev/ppu/lib/gcc/powerpc64-ps3-elf/4.6.1/../../../../powerpc64-ps3-elf/lib/libstdc++.a(cp-demangle.o)
 .text.d_operator_name
                0x000000000001cab0      0x1ec /usr/local/ps3dev/ppu/lib/gcc/powerpc64-ps3-elf/4.6.1/../../../../powerpc64-ps3-elf/lib/libstdc++.a(cp-demangle.o)
 *fill*         0x000000000001cc9c        0x4 60000000
 .text.d_unqualified_name
                0x000000000001cca0      0x3f0 /usr/local/ps3dev/ppu/lib/gcc/powerpc64-ps3-elf/4.6.1/../../../../powerpc64-ps3-elf/lib/libstdc++.a(cp-demangle.o)
 .text.d_template_args
                0x000000000001d090      0x1bc /usr/local/ps3dev/ppu/lib/gcc/powerpc64-ps3-elf/4.6.1/../../../../powerpc64-ps3-elf/lib/libstdc++.a(cp-demangle.o)
 *fill*         0x000000000001d24c        0x4 60000000
 .text.d_name   0x000000000001d250      0x53c /usr/local/ps3dev/ppu/lib/gcc/powerpc64-ps3-elf/4.6.1/../../../../powerpc64-ps3-elf/lib/libstdc++.a(cp-demangle.o)
 *fill*         0x000000000001d78c        0x4 60000000
 .text.d_encoding
                0x000000000001d790      0x768 /usr/local/ps3dev/ppu/lib/gcc/powerpc64-ps3-elf/4.6.1/../../../../powerpc64-ps3-elf/lib/libstdc++.a(cp-demangle.o)
 .text.d_mangled_name
                0x000000000001def8       0x64 /usr/local/ps3dev/ppu/lib/gcc/powerpc64-ps3-elf/4.6.1/../../../../powerpc64-ps3-elf/lib/libstdc++.a(cp-demangle.o)
 *fill*         0x000000000001df5c        0x4 60000000
 .text.d_expr_primary
                0x000000000001df60      0x1e0 /usr/local/ps3dev/ppu/lib/gcc/powerpc64-ps3-elf/4.6.1/../../../../powerpc64-ps3-elf/lib/libstdc++.a(cp-demangle.o)
 .text.d_expression
                0x000000000001e140      0x4d4 /usr/local/ps3dev/ppu/lib/gcc/powerpc64-ps3-elf/4.6.1/../../../../powerpc64-ps3-elf/lib/libstdc++.a(cp-demangle.o)
 *fill*         0x000000000001e614        0x4 60000000
 .text.d_exprlist
                0x000000000001e618       0xf8 /usr/local/ps3dev/ppu/lib/gcc/powerpc64-ps3-elf/4.6.1/../../../../powerpc64-ps3-elf/lib/libstdc++.a(cp-demangle.o)
 .text.d_append_string
                0x000000000001e710      0x128 /usr/local/ps3dev/ppu/lib/gcc/powerpc64-ps3-elf/4.6.1/../../../../powerpc64-ps3-elf/lib/libstdc++.a(cp-demangle.o)
 .text.d_print_comp.part.11
                0x000000000001e838     0x3140 /usr/local/ps3dev/ppu/lib/gcc/powerpc64-ps3-elf/4.6.1/../../../../powerpc64-ps3-elf/lib/libstdc++.a(cp-demangle.o)
 .text.d_print_comp
                0x0000000000021978       0x30 /usr/local/ps3dev/ppu/lib/gcc/powerpc64-ps3-elf/4.6.1/../../../../powerpc64-ps3-elf/lib/libstdc++.a(cp-demangle.o)
 .text.d_print_mod
                0x00000000000219a8      0x87c /usr/local/ps3dev/ppu/lib/gcc/powerpc64-ps3-elf/4.6.1/../../../../powerpc64-ps3-elf/lib/libstdc++.a(cp-demangle.o)
 *fill*         0x0000000000022224        0x4 60000000
 .text.d_print_mod_list
                0x0000000000022228      0x530 /usr/local/ps3dev/ppu/lib/gcc/powerpc64-ps3-elf/4.6.1/../../../../powerpc64-ps3-elf/lib/libstdc++.a(cp-demangle.o)
 .text.d_print_array_type.isra.10
                0x0000000000022758      0x374 /usr/local/ps3dev/ppu/lib/gcc/powerpc64-ps3-elf/4.6.1/../../../../powerpc64-ps3-elf/lib/libstdc++.a(cp-demangle.o)
 *fill*         0x0000000000022acc        0x4 60000000
 .text.d_print_function_type.isra.12
                0x0000000000022ad0      0x3dc /usr/local/ps3dev/ppu/lib/gcc/powerpc64-ps3-elf/4.6.1/../../../../powerpc64-ps3-elf/lib/libstdc++.a(cp-demangle.o)
 *fill*         0x0000000000022eac        0x4 60000000
 .text.d_print_cast.isra.13.part.14
                0x0000000000022eb0      0x2e4 /usr/local/ps3dev/ppu/lib/gcc/powerpc64-ps3-elf/4.6.1/../../../../powerpc64-ps3-elf/lib/libstdc++.a(cp-demangle.o)
 *fill*         0x0000000000023194        0x4 60000000
 .text.d_print_expr_op
                0x0000000000023198      0x160 /usr/local/ps3dev/ppu/lib/gcc/powerpc64-ps3-elf/4.6.1/../../../../powerpc64-ps3-elf/lib/libstdc++.a(cp-demangle.o)
 .text.d_print_subexpr
                0x00000000000232f8      0x168 /usr/local/ps3dev/ppu/lib/gcc/powerpc64-ps3-elf/4.6.1/../../../../powerpc64-ps3-elf/lib/libstdc++.a(cp-demangle.o)
 .text.d_demangle_callback.constprop.18
                0x0000000000023460      0x320 /usr/local/ps3dev/ppu/lib/gcc/powerpc64-ps3-elf/4.6.1/../../../../powerpc64-ps3-elf/lib/libstdc++.a(cp-demangle.o)
 .text.__cxa_demangle
                0x0000000000023780      0x1c8 /usr/local/ps3dev/ppu/lib/gcc/powerpc64-ps3-elf/4.6.1/../../../../powerpc64-ps3-elf/lib/libstdc++.a(cp-demangle.o)
                0x0000000000023780                .__cxa_demangle
 .text.__gcclibcxx_demangle_callback
                0x0000000000023948       0x5c /usr/local/ps3dev/ppu/lib/gcc/powerpc64-ps3-elf/4.6.1/../../../../powerpc64-ps3-elf/lib/libstdc++.a(cp-demangle.o)
                0x0000000000023948                .__gcclibcxx_demangle_callback
 .text          0x00000000000239a4        0x0 /usr/local/ps3dev/ppu/lib/gcc/powerpc64-ps3-elf/4.6.1/libgcc.a(unwind-dw2.o)
 *fill*         0x00000000000239a4        0x4 60000000
 .text.read_sleb128
                0x00000000000239a8       0x64 /usr/local/ps3dev/ppu/lib/gcc/powerpc64-ps3-elf/4.6.1/libgcc.a(unwind-dw2.o)
 *fill*         0x0000000000023a0c        0x4 60000000
 .text.read_encoded_value_with_base
                0x0000000000023a10      0x224 /usr/local/ps3dev/ppu/lib/gcc/powerpc64-ps3-elf/4.6.1/libgcc.a(unwind-dw2.o)
 *fill*         0x0000000000023c34        0x4 60000000
 .text.execute_stack_op
                0x0000000000023c38      0xda8 /usr/local/ps3dev/ppu/lib/gcc/powerpc64-ps3-elf/4.6.1/libgcc.a(unwind-dw2.o)
 .text.execute_cfa_program
                0x00000000000249e0      0xb0c /usr/local/ps3dev/ppu/lib/gcc/powerpc64-ps3-elf/4.6.1/libgcc.a(unwind-dw2.o)
 *fill*         0x00000000000254ec        0x4 60000000
 .text.uw_frame_state_for
                0x00000000000254f0      0x524 /usr/local/ps3dev/ppu/lib/gcc/powerpc64-ps3-elf/4.6.1/libgcc.a(unwind-dw2.o)
 *fill*         0x0000000000025a14        0x4 60000000
 .text.uw_install_context_1
                0x0000000000025a18      0x228 /usr/local/ps3dev/ppu/lib/gcc/powerpc64-ps3-elf/4.6.1/libgcc.a(unwind-dw2.o)
 .text.uw_update_context_1
                0x0000000000025c40      0x538 /usr/local/ps3dev/ppu/lib/gcc/powerpc64-ps3-elf/4.6.1/libgcc.a(unwind-dw2.o)
 .text.uw_update_context
                0x0000000000026178      0x108 /usr/local/ps3dev/ppu/lib/gcc/powerpc64-ps3-elf/4.6.1/libgcc.a(unwind-dw2.o)
 .text._Unwind_ForcedUnwind_Phase2
                0x0000000000026280      0x134 /usr/local/ps3dev/ppu/lib/gcc/powerpc64-ps3-elf/4.6.1/libgcc.a(unwind-dw2.o)
 *fill*         0x00000000000263b4        0x4 60000000
 .text._Unwind_RaiseException_Phase2
                0x00000000000263b8       0xf8 /usr/local/ps3dev/ppu/lib/gcc/powerpc64-ps3-elf/4.6.1/libgcc.a(unwind-dw2.o)
 .text.uw_init_context_1
                0x00000000000264b0      0x2d8 /usr/local/ps3dev/ppu/lib/gcc/powerpc64-ps3-elf/4.6.1/libgcc.a(unwind-dw2.o)
 .text._Unwind_GetGR
                0x0000000000026788       0xa0 /usr/local/ps3dev/ppu/lib/gcc/powerpc64-ps3-elf/4.6.1/libgcc.a(unwind-dw2.o)
                0x0000000000026788                ._Unwind_GetGR
 .text._Unwind_GetCFA
                0x0000000000026828       0x14 /usr/local/ps3dev/ppu/lib/gcc/powerpc64-ps3-elf/4.6.1/libgcc.a(unwind-dw2.o)
                0x0000000000026828                ._Unwind_GetCFA
 *fill*         0x000000000002683c        0x4 60000000
 .text._Unwind_SetGR
                0x0000000000026840       0xa0 /usr/local/ps3dev/ppu/lib/gcc/powerpc64-ps3-elf/4.6.1/libgcc.a(unwind-dw2.o)
                0x0000000000026840                ._Unwind_SetGR
 .text._Unwind_GetIP
                0x00000000000268e0       0x14 /usr/local/ps3dev/ppu/lib/gcc/powerpc64-ps3-elf/4.6.1/libgcc.a(unwind-dw2.o)
                0x00000000000268e0                ._Unwind_GetIP
 *fill*         0x00000000000268f4        0x4 60000000
 .text._Unwind_GetIPInfo
                0x00000000000268f8       0x20 /usr/local/ps3dev/ppu/lib/gcc/powerpc64-ps3-elf/4.6.1/libgcc.a(unwind-dw2.o)
                0x00000000000268f8                ._Unwind_GetIPInfo
 .text._Unwind_SetIP
                0x0000000000026918       0x14 /usr/local/ps3dev/ppu/lib/gcc/powerpc64-ps3-elf/4.6.1/libgcc.a(unwind-dw2.o)
                0x0000000000026918                ._Unwind_SetIP
 *fill*         0x000000000002692c        0x4 60000000
 .text._Unwind_GetLanguageSpecificData
                0x0000000000026930       0x14 /usr/local/ps3dev/ppu/lib/gcc/powerpc64-ps3-elf/4.6.1/libgcc.a(unwind-dw2.o)
                0x0000000000026930                ._Unwind_GetLanguageSpecificData
 *fill*         0x0000000000026944        0x4 60000000
 .text._Unwind_GetRegionStart
                0x0000000000026948       0x14 /usr/local/ps3dev/ppu/lib/gcc/powerpc64-ps3-elf/4.6.1/libgcc.a(unwind-dw2.o)
                0x0000000000026948                ._Unwind_GetRegionStart
 *fill*         0x000000000002695c        0x4 60000000
 .text._Unwind_FindEnclosingFunction
                0x0000000000026960       0x48 /usr/local/ps3dev/ppu/lib/gcc/powerpc64-ps3-elf/4.6.1/libgcc.a(unwind-dw2.o)
                0x0000000000026960                ._Unwind_FindEnclosingFunction
 .text._Unwind_GetDataRelBase
                0x00000000000269a8       0x14 /usr/local/ps3dev/ppu/lib/gcc/powerpc64-ps3-elf/4.6.1/libgcc.a(unwind-dw2.o)
                0x00000000000269a8                ._Unwind_GetDataRelBase
 *fill*         0x00000000000269bc        0x4 60000000
 .text._Unwind_GetTextRelBase
                0x00000000000269c0       0x14 /usr/local/ps3dev/ppu/lib/gcc/powerpc64-ps3-elf/4.6.1/libgcc.a(unwind-dw2.o)
                0x00000000000269c0                ._Unwind_GetTextRelBase
 *fill*         0x00000000000269d4        0x4 60000000
 .text.__frame_state_for
                0x00000000000269d8      0x12c /usr/local/ps3dev/ppu/lib/gcc/powerpc64-ps3-elf/4.6.1/libgcc.a(unwind-dw2.o)
                0x00000000000269d8                .__frame_state_for
 *fill*         0x0000000000026b04        0x4 60000000
 .text._Unwind_DebugHook
                0x0000000000026b08       0x10 /usr/local/ps3dev/ppu/lib/gcc/powerpc64-ps3-elf/4.6.1/libgcc.a(unwind-dw2.o)
 .text._Unwind_RaiseException
                0x0000000000026b18      0x39c /usr/local/ps3dev/ppu/lib/gcc/powerpc64-ps3-elf/4.6.1/libgcc.a(unwind-dw2.o)
                0x0000000000026b18                ._Unwind_RaiseException
 *fill*         0x0000000000026eb4        0x4 60000000
 .text._Unwind_ForcedUnwind
                0x0000000000026eb8      0x2f4 /usr/local/ps3dev/ppu/lib/gcc/powerpc64-ps3-elf/4.6.1/libgcc.a(unwind-dw2.o)
                0x0000000000026eb8                ._Unwind_ForcedUnwind
 *fill*         0x00000000000271ac        0x4 60000000
 .text._Unwind_Resume
                0x00000000000271b0      0x2f8 /usr/local/ps3dev/ppu/lib/gcc/powerpc64-ps3-elf/4.6.1/libgcc.a(unwind-dw2.o)
                0x00000000000271b0                ._Unwind_Resume
 .text._Unwind_Resume_or_Rethrow
                0x00000000000274a8      0x300 /usr/local/ps3dev/ppu/lib/gcc/powerpc64-ps3-elf/4.6.1/libgcc.a(unwind-dw2.o)
                0x00000000000274a8                ._Unwind_Resume_or_Rethrow
 .text._Unwind_DeleteException
                0x00000000000277a8       0x58 /usr/local/ps3dev/ppu/lib/gcc/powerpc64-ps3-elf/4.6.1/libgcc.a(unwind-dw2.o)
                0x00000000000277a8                ._Unwind_DeleteException
 .text._Unwind_Backtrace
                0x0000000000027800      0x2bc /usr/local/ps3dev/ppu/lib/gcc/powerpc64-ps3-elf/4.6.1/libgcc.a(unwind-dw2.o)
                0x0000000000027800                ._Unwind_Backtrace
 .text          0x0000000000027abc        0x0 /usr/local/ps3dev/ppu/lib/gcc/powerpc64-ps3-elf/4.6.1/libgcc.a(unwind-dw2-fde.o)
 *fill*         0x0000000000027abc        0x4 60000000
 .text.fde_unencoded_compare
                0x0000000000027ac0       0x34 /usr/local/ps3dev/ppu/lib/gcc/powerpc64-ps3-elf/4.6.1/libgcc.a(unwind-dw2-fde.o)
 *fill*         0x0000000000027af4        0x4 60000000
 .text.frame_downheap
                0x0000000000027af8      0x160 /usr/local/ps3dev/ppu/lib/gcc/powerpc64-ps3-elf/4.6.1/libgcc.a(unwind-dw2-fde.o)
 .text.frame_heapsort
                0x0000000000027c58      0x128 /usr/local/ps3dev/ppu/lib/gcc/powerpc64-ps3-elf/4.6.1/libgcc.a(unwind-dw2-fde.o)
 .text.size_of_encoded_value
                0x0000000000027d80       0xb0 /usr/local/ps3dev/ppu/lib/gcc/powerpc64-ps3-elf/4.6.1/libgcc.a(unwind-dw2-fde.o)
 .text.read_encoded_value_with_base
                0x0000000000027e30      0x244 /usr/local/ps3dev/ppu/lib/gcc/powerpc64-ps3-elf/4.6.1/libgcc.a(unwind-dw2-fde.o)
 *fill*         0x0000000000028074        0x4 60000000
 .text.get_cie_encoding
                0x0000000000028078      0x1a8 /usr/local/ps3dev/ppu/lib/gcc/powerpc64-ps3-elf/4.6.1/libgcc.a(unwind-dw2-fde.o)
 .text.base_from_object.isra.5
                0x0000000000028220       0xac /usr/local/ps3dev/ppu/lib/gcc/powerpc64-ps3-elf/4.6.1/libgcc.a(unwind-dw2-fde.o)
 *fill*         0x00000000000282cc        0x4 60000000
 .text.classify_object_over_fdes
                0x00000000000282d0      0x1c4 /usr/local/ps3dev/ppu/lib/gcc/powerpc64-ps3-elf/4.6.1/libgcc.a(unwind-dw2-fde.o)
 *fill*         0x0000000000028494        0x4 60000000
 .text.add_fdes
                0x0000000000028498      0x1c4 /usr/local/ps3dev/ppu/lib/gcc/powerpc64-ps3-elf/4.6.1/libgcc.a(unwind-dw2-fde.o)
 *fill*         0x000000000002865c        0x4 60000000
 .text.fde_single_encoding_compare
                0x0000000000028660       0xcc /usr/local/ps3dev/ppu/lib/gcc/powerpc64-ps3-elf/4.6.1/libgcc.a(unwind-dw2-fde.o)
 *fill*         0x000000000002872c        0x4 60000000
 .text.linear_search_fdes
                0x0000000000028730      0x214 /usr/local/ps3dev/ppu/lib/gcc/powerpc64-ps3-elf/4.6.1/libgcc.a(unwind-dw2-fde.o)
 *fill*         0x0000000000028944        0x4 60000000
 .text.search_object
                0x0000000000028948      0x75c /usr/local/ps3dev/ppu/lib/gcc/powerpc64-ps3-elf/4.6.1/libgcc.a(unwind-dw2-fde.o)
 *fill*         0x00000000000290a4        0x4 60000000
 .text.fde_mixed_encoding_compare